  3D_function.cpp
C:\dxlib\DxLib.h(1,1): warning C4819: ファイルは、現在のコード ページ (932) で表示できない文字を含んでいます。データの損失を防ぐために、ファイルを Unicode 形式で保存してください。
  (ソース ファイル '3D_function.cpp' をコンパイルしています)
  
C:\dxlib\DxCompileConfig.h(1,1): warning C4819: ファイルは、現在のコード ページ (932) で表示できない文字を含んでいます。データの損失を防ぐために、ファイルを Unicode 形式で保存してください。
  (ソース ファイル '3D_function.cpp' をコンパイルしています)
  
C:\dxlib\DxDataType.h(1,1): warning C4819: ファイルは、現在のコード ページ (932) で表示できない文字を含んでいます。データの損失を防ぐために、ファイルを Unicode 形式で保存してください。
  (ソース ファイル '3D_function.cpp' をコンパイルしています)
  
C:\dxlib\DxCompileConfig.h(1,1): warning C4819: ファイルは、現在のコード ページ (932) で表示できない文字を含んでいます。データの損失を防ぐために、ファイルを Unicode 形式で保存してください。
  (ソース ファイル '3D_function.cpp' をコンパイルしています)
  
C:\dxlib\DxDataTypeWin.h(1,1): warning C4819: ファイルは、現在のコード ページ (932) で表示できない文字を含んでいます。データの損失を防ぐために、ファイルを Unicode 形式で保存してください。
  (ソース ファイル '3D_function.cpp' をコンパイルしています)
  
C:\dxlib\DxCompileConfig.h(1,1): warning C4819: ファイルは、現在のコード ページ (932) で表示できない文字を含んでいます。データの損失を防ぐために、ファイルを Unicode 形式で保存してください。
  (ソース ファイル '3D_function.cpp' をコンパイルしています)
  
C:\dxlib\DxDataTypeWin.h(443,1): warning C4819: ファイルは、現在のコード ページ (932) で表示できない文字を含んでいます。データの損失を防ぐために、ファイルを Unicode 形式で保存してください。
  (ソース ファイル '3D_function.cpp' をコンパイルしています)
  
C:\dxlib\DxDataTypeWin.h(1089,1): warning C4819: ファイルは、現在のコード ページ (932) で表示できない文字を含んでいます。データの損失を防ぐために、ファイルを Unicode 形式で保存してください。
  (ソース ファイル '3D_function.cpp' をコンパイルしています)
  
C:\dxlib\DxLib.h(406,1): warning C4819: ファイルは、現在のコード ページ (932) で表示できない文字を含んでいます。データの損失を防ぐために、ファイルを Unicode 形式で保存してください。
  (ソース ファイル '3D_function.cpp' をコンパイルしています)
  
C:\dxlib\DxLib.h(803,1): warning C4819: ファイルは、現在のコード ページ (932) で表示できない文字を含んでいます。データの損失を防ぐために、ファイルを Unicode 形式で保存してください。
  (ソース ファイル '3D_function.cpp' をコンパイルしています)
  
C:\dxlib\DxLib.h(1328,1): warning C4819: ファイルは、現在のコード ページ (932) で表示できない文字を含んでいます。データの損失を防ぐために、ファイルを Unicode 形式で保存してください。
  (ソース ファイル '3D_function.cpp' をコンパイルしています)
  
C:\dxlib\DxLib.h(1842,1): warning C4819: ファイルは、現在のコード ページ (932) で表示できない文字を含んでいます。データの損失を防ぐために、ファイルを Unicode 形式で保存してください。
  (ソース ファイル '3D_function.cpp' をコンパイルしています)
  
C:\dxlib\DxFunctionWin.h(1,1): warning C4819: ファイルは、現在のコード ページ (932) で表示できない文字を含んでいます。データの損失を防ぐために、ファイルを Unicode 形式で保存してください。
  (ソース ファイル '3D_function.cpp' をコンパイルしています)
  
C:\dxlib\DxFunctionWin.h(155,1): warning C4819: ファイルは、現在のコード ページ (932) で表示できない文字を含んでいます。データの損失を防ぐために、ファイルを Unicode 形式で保存してください。
  (ソース ファイル '3D_function.cpp' をコンパイルしています)
  
C:\dxlib\DxFunctionWin.h(337,1): warning C4819: ファイルは、現在のコード ページ (932) で表示できない文字を含んでいます。データの損失を防ぐために、ファイルを Unicode 形式で保存してください。
  (ソース ファイル '3D_function.cpp' をコンパイルしています)
  
C:\dxlib\DxLib.h(2183,1): warning C4819: ファイルは、現在のコード ページ (932) で表示できない文字を含んでいます。データの損失を防ぐために、ファイルを Unicode 形式で保存してください。
  (ソース ファイル '3D_function.cpp' をコンパイルしています)
  
C:\dxlib\DxLib.h(2377,1): warning C4819: ファイルは、現在のコード ページ (932) で表示できない文字を含んでいます。データの損失を防ぐために、ファイルを Unicode 形式で保存してください。
  (ソース ファイル '3D_function.cpp' をコンパイルしています)
  
C:\dxlib\DxLib.h(2572,1): warning C4819: ファイルは、現在のコード ページ (932) で表示できない文字を含んでいます。データの損失を防ぐために、ファイルを Unicode 形式で保存してください。
  (ソース ファイル '3D_function.cpp' をコンパイルしています)
  
C:\dxlib\DxLib.h(2716,1): warning C4819: ファイルは、現在のコード ページ (932) で表示できない文字を含んでいます。データの損失を防ぐために、ファイルを Unicode 形式で保存してください。
  (ソース ファイル '3D_function.cpp' をコンパイルしています)
  
C:\dxlib\DxLib.h(2821,1): warning C4819: ファイルは、現在のコード ページ (932) で表示できない文字を含んでいます。データの損失を防ぐために、ファイルを Unicode 形式で保存してください。
  (ソース ファイル '3D_function.cpp' をコンパイルしています)
  
C:\dxlib\DxLib.h(2954,1): warning C4819: ファイルは、現在のコード ページ (932) で表示できない文字を含んでいます。データの損失を防ぐために、ファイルを Unicode 形式で保存してください。
  (ソース ファイル '3D_function.cpp' をコンパイルしています)
  
C:\dxlib\DxLib.h(3064,1): warning C4819: ファイルは、現在のコード ページ (932) で表示できない文字を含んでいます。データの損失を防ぐために、ファイルを Unicode 形式で保存してください。
  (ソース ファイル '3D_function.cpp' をコンパイルしています)
  
C:\dxlib\DxLib.h(3242,1): warning C4819: ファイルは、現在のコード ページ (932) で表示できない文字を含んでいます。データの損失を防ぐために、ファイルを Unicode 形式で保存してください。
  (ソース ファイル '3D_function.cpp' をコンパイルしています)
  
C:\dxlib\DxLib.h(3381,1): warning C4819: ファイルは、現在のコード ページ (932) で表示できない文字を含んでいます。データの損失を防ぐために、ファイルを Unicode 形式で保存してください。
  (ソース ファイル '3D_function.cpp' をコンパイルしています)
  
C:\dxlib\DxLib.h(3544,1): warning C4819: ファイルは、現在のコード ページ (932) で表示できない文字を含んでいます。データの損失を防ぐために、ファイルを Unicode 形式で保存してください。
  (ソース ファイル '3D_function.cpp' をコンパイルしています)
  
C:\dxlib\DxLib.h(3735,1): warning C4819: ファイルは、現在のコード ページ (932) で表示できない文字を含んでいます。データの損失を防ぐために、ファイルを Unicode 形式で保存してください。
  (ソース ファイル '3D_function.cpp' をコンパイルしています)
  
C:\dxlib\DxLib.h(3844,1): warning C4819: ファイルは、現在のコード ページ (932) で表示できない文字を含んでいます。データの損失を防ぐために、ファイルを Unicode 形式で保存してください。
  (ソース ファイル '3D_function.cpp' をコンパイルしています)
  
C:\dxlib\DxLib.h(3931,1): warning C4819: ファイルは、現在のコード ページ (932) で表示できない文字を含んでいます。データの損失を防ぐために、ファイルを Unicode 形式で保存してください。
  (ソース ファイル '3D_function.cpp' をコンパイルしています)
  
C:\dxlib\DxLib.h(4080,1): warning C4819: ファイルは、現在のコード ページ (932) で表示できない文字を含んでいます。データの損失を防ぐために、ファイルを Unicode 形式で保存してください。
  (ソース ファイル '3D_function.cpp' をコンパイルしています)
  
C:\dxlib\DxLib.h(4586,1): warning C4819: ファイルは、現在のコード ページ (932) で表示できない文字を含んでいます。データの損失を防ぐために、ファイルを Unicode 形式で保存してください。
  (ソース ファイル '3D_function.cpp' をコンパイルしています)
  
C:\dxlib\DxLib.h(4750,1): warning C4819: ファイルは、現在のコード ページ (932) で表示できない文字を含んでいます。データの損失を防ぐために、ファイルを Unicode 形式で保存してください。
  (ソース ファイル '3D_function.cpp' をコンパイルしています)
  
C:\dxlib\DxLib.h(4917,1): warning C4819: ファイルは、現在のコード ページ (932) で表示できない文字を含んでいます。データの損失を防ぐために、ファイルを Unicode 形式で保存してください。
  (ソース ファイル '3D_function.cpp' をコンパイルしています)
  
C:\dxlib\DxLib.h(5069,1): warning C4819: ファイルは、現在のコード ページ (932) で表示できない文字を含んでいます。データの損失を防ぐために、ファイルを Unicode 形式で保存してください。
  (ソース ファイル '3D_function.cpp' をコンパイルしています)
  
C:\dxlib\DxLib.h(5258,1): warning C4819: ファイルは、現在のコード ページ (932) で表示できない文字を含んでいます。データの損失を防ぐために、ファイルを Unicode 形式で保存してください。
  (ソース ファイル '3D_function.cpp' をコンパイルしています)
  
C:\dxlib\DxLib.h(5396,1): warning C4819: ファイルは、現在のコード ページ (932) で表示できない文字を含んでいます。データの損失を防ぐために、ファイルを Unicode 形式で保存してください。
  (ソース ファイル '3D_function.cpp' をコンパイルしています)
  
C:\dxlib\DxLib.h(5581,1): warning C4819: ファイルは、現在のコード ページ (932) で表示できない文字を含んでいます。データの損失を防ぐために、ファイルを Unicode 形式で保存してください。
  (ソース ファイル '3D_function.cpp' をコンパイルしています)
  
C:\Users\GA2A\Desktop\fami\famicon\famicon\3D_function.cpp(26,140): warning C4244: '=': 'double' から 'float' への変換です。データが失われる可能性があります。
C:\Users\GA2A\Desktop\fami\famicon\famicon\3D_function.cpp(26,204): warning C4244: '=': 'double' から 'float' への変換です。データが失われる可能性があります。
C:\Users\GA2A\Desktop\fami\famicon\famicon\3D_function.cpp(28,90): warning C4244: '=': 'double' から 'float' への変換です。データが失われる可能性があります。
C:\Users\GA2A\Desktop\fami\famicon\famicon\3D_function.cpp(28,138): warning C4244: '=': 'double' から 'float' への変換です。データが失われる可能性があります。
C:\Users\GA2A\Desktop\fami\famicon\famicon\3D_function.cpp(31,129): warning C4244: '=': 'double' から 'float' への変換です。データが失われる可能性があります。
C:\Users\GA2A\Desktop\fami\famicon\famicon\3D_function.cpp(31,204): warning C4244: '=': 'double' から 'float' への変換です。データが失われる可能性があります。
C:\Users\GA2A\Desktop\fami\famicon\famicon\3D_function.cpp(33,78): warning C4244: '=': 'double' から 'float' への変換です。データが失われる可能性があります。
C:\Users\GA2A\Desktop\fami\famicon\famicon\3D_function.cpp(33,137): warning C4244: '=': 'double' から 'float' への変換です。データが失われる可能性があります。
C:\Users\GA2A\Desktop\fami\famicon\famicon\3D_function.cpp(36,128): warning C4244: '=': 'double' から 'float' への変換です。データが失われる可能性があります。
C:\Users\GA2A\Desktop\fami\famicon\famicon\3D_function.cpp(36,192): warning C4244: '=': 'double' から 'float' への変換です。データが失われる可能性があります。
C:\Users\GA2A\Desktop\fami\famicon\famicon\3D_function.cpp(38,78): warning C4244: '=': 'double' から 'float' への変換です。データが失われる可能性があります。
C:\Users\GA2A\Desktop\fami\famicon\famicon\3D_function.cpp(38,126): warning C4244: '=': 'double' から 'float' への変換です。データが失われる可能性があります。
  CCamera.cpp
C:\dxlib\DxLib.h(1,1): warning C4819: ファイルは、現在のコード ページ (932) で表示できない文字を含んでいます。データの損失を防ぐために、ファイルを Unicode 形式で保存してください。
  (ソース ファイル 'CCamera.cpp' をコンパイルしています)
  
C:\dxlib\DxCompileConfig.h(1,1): warning C4819: ファイルは、現在のコード ページ (932) で表示できない文字を含んでいます。データの損失を防ぐために、ファイルを Unicode 形式で保存してください。
  (ソース ファイル 'CCamera.cpp' をコンパイルしています)
  
C:\dxlib\DxDataType.h(1,1): warning C4819: ファイルは、現在のコード ページ (932) で表示できない文字を含んでいます。データの損失を防ぐために、ファイルを Unicode 形式で保存してください。
  (ソース ファイル 'CCamera.cpp' をコンパイルしています)
  
C:\dxlib\DxCompileConfig.h(1,1): warning C4819: ファイルは、現在のコード ページ (932) で表示できない文字を含んでいます。データの損失を防ぐために、ファイルを Unicode 形式で保存してください。
  (ソース ファイル 'CCamera.cpp' をコンパイルしています)
  
C:\dxlib\DxDataTypeWin.h(1,1): warning C4819: ファイルは、現在のコード ページ (932) で表示できない文字を含んでいます。データの損失を防ぐために、ファイルを Unicode 形式で保存してください。
  (ソース ファイル 'CCamera.cpp' をコンパイルしています)
  
C:\dxlib\DxCompileConfig.h(1,1): warning C4819: ファイルは、現在のコード ページ (932) で表示できない文字を含んでいます。データの損失を防ぐために、ファイルを Unicode 形式で保存してください。
  (ソース ファイル 'CCamera.cpp' をコンパイルしています)
  
C:\dxlib\DxDataTypeWin.h(443,1): warning C4819: ファイルは、現在のコード ページ (932) で表示できない文字を含んでいます。データの損失を防ぐために、ファイルを Unicode 形式で保存してください。
  (ソース ファイル 'CCamera.cpp' をコンパイルしています)
  
C:\dxlib\DxDataTypeWin.h(1089,1): warning C4819: ファイルは、現在のコード ページ (932) で表示できない文字を含んでいます。データの損失を防ぐために、ファイルを Unicode 形式で保存してください。
  (ソース ファイル 'CCamera.cpp' をコンパイルしています)
  
C:\dxlib\DxLib.h(406,1): warning C4819: ファイルは、現在のコード ページ (932) で表示できない文字を含んでいます。データの損失を防ぐために、ファイルを Unicode 形式で保存してください。
  (ソース ファイル 'CCamera.cpp' をコンパイルしています)
  
C:\dxlib\DxLib.h(803,1): warning C4819: ファイルは、現在のコード ページ (932) で表示できない文字を含んでいます。データの損失を防ぐために、ファイルを Unicode 形式で保存してください。
  (ソース ファイル 'CCamera.cpp' をコンパイルしています)
  
C:\dxlib\DxLib.h(1328,1): warning C4819: ファイルは、現在のコード ページ (932) で表示できない文字を含んでいます。データの損失を防ぐために、ファイルを Unicode 形式で保存してください。
  (ソース ファイル 'CCamera.cpp' をコンパイルしています)
  
C:\dxlib\DxLib.h(1842,1): warning C4819: ファイルは、現在のコード ページ (932) で表示できない文字を含んでいます。データの損失を防ぐために、ファイルを Unicode 形式で保存してください。
  (ソース ファイル 'CCamera.cpp' をコンパイルしています)
  
C:\dxlib\DxFunctionWin.h(1,1): warning C4819: ファイルは、現在のコード ページ (932) で表示できない文字を含んでいます。データの損失を防ぐために、ファイルを Unicode 形式で保存してください。
  (ソース ファイル 'CCamera.cpp' をコンパイルしています)
  
C:\dxlib\DxFunctionWin.h(155,1): warning C4819: ファイルは、現在のコード ページ (932) で表示できない文字を含んでいます。データの損失を防ぐために、ファイルを Unicode 形式で保存してください。
  (ソース ファイル 'CCamera.cpp' をコンパイルしています)
  
C:\dxlib\DxFunctionWin.h(337,1): warning C4819: ファイルは、現在のコード ページ (932) で表示できない文字を含んでいます。データの損失を防ぐために、ファイルを Unicode 形式で保存してください。
  (ソース ファイル 'CCamera.cpp' をコンパイルしています)
  
C:\dxlib\DxLib.h(2183,1): warning C4819: ファイルは、現在のコード ページ (932) で表示できない文字を含んでいます。データの損失を防ぐために、ファイルを Unicode 形式で保存してください。
  (ソース ファイル 'CCamera.cpp' をコンパイルしています)
  
C:\dxlib\DxLib.h(2377,1): warning C4819: ファイルは、現在のコード ページ (932) で表示できない文字を含んでいます。データの損失を防ぐために、ファイルを Unicode 形式で保存してください。
  (ソース ファイル 'CCamera.cpp' をコンパイルしています)
  
C:\dxlib\DxLib.h(2572,1): warning C4819: ファイルは、現在のコード ページ (932) で表示できない文字を含んでいます。データの損失を防ぐために、ファイルを Unicode 形式で保存してください。
  (ソース ファイル 'CCamera.cpp' をコンパイルしています)
  
C:\dxlib\DxLib.h(2716,1): warning C4819: ファイルは、現在のコード ページ (932) で表示できない文字を含んでいます。データの損失を防ぐために、ファイルを Unicode 形式で保存してください。
  (ソース ファイル 'CCamera.cpp' をコンパイルしています)
  
C:\dxlib\DxLib.h(2821,1): warning C4819: ファイルは、現在のコード ページ (932) で表示できない文字を含んでいます。データの損失を防ぐために、ファイルを Unicode 形式で保存してください。
  (ソース ファイル 'CCamera.cpp' をコンパイルしています)
  
C:\dxlib\DxLib.h(2954,1): warning C4819: ファイルは、現在のコード ページ (932) で表示できない文字を含んでいます。データの損失を防ぐために、ファイルを Unicode 形式で保存してください。
  (ソース ファイル 'CCamera.cpp' をコンパイルしています)
  
C:\dxlib\DxLib.h(3064,1): warning C4819: ファイルは、現在のコード ページ (932) で表示できない文字を含んでいます。データの損失を防ぐために、ファイルを Unicode 形式で保存してください。
  (ソース ファイル 'CCamera.cpp' をコンパイルしています)
  
C:\dxlib\DxLib.h(3242,1): warning C4819: ファイルは、現在のコード ページ (932) で表示できない文字を含んでいます。データの損失を防ぐために、ファイルを Unicode 形式で保存してください。
  (ソース ファイル 'CCamera.cpp' をコンパイルしています)
  
C:\dxlib\DxLib.h(3381,1): warning C4819: ファイルは、現在のコード ページ (932) で表示できない文字を含んでいます。データの損失を防ぐために、ファイルを Unicode 形式で保存してください。
  (ソース ファイル 'CCamera.cpp' をコンパイルしています)
  
C:\dxlib\DxLib.h(3544,1): warning C4819: ファイルは、現在のコード ページ (932) で表示できない文字を含んでいます。データの損失を防ぐために、ファイルを Unicode 形式で保存してください。
  (ソース ファイル 'CCamera.cpp' をコンパイルしています)
  
C:\dxlib\DxLib.h(3735,1): warning C4819: ファイルは、現在のコード ページ (932) で表示できない文字を含んでいます。データの損失を防ぐために、ファイルを Unicode 形式で保存してください。
  (ソース ファイル 'CCamera.cpp' をコンパイルしています)
  
C:\dxlib\DxLib.h(3844,1): warning C4819: ファイルは、現在のコード ページ (932) で表示できない文字を含んでいます。データの損失を防ぐために、ファイルを Unicode 形式で保存してください。
  (ソース ファイル 'CCamera.cpp' をコンパイルしています)
  
C:\dxlib\DxLib.h(3931,1): warning C4819: ファイルは、現在のコード ページ (932) で表示できない文字を含んでいます。データの損失を防ぐために、ファイルを Unicode 形式で保存してください。
  (ソース ファイル 'CCamera.cpp' をコンパイルしています)
  
C:\dxlib\DxLib.h(4080,1): warning C4819: ファイルは、現在のコード ページ (932) で表示できない文字を含んでいます。データの損失を防ぐために、ファイルを Unicode 形式で保存してください。
  (ソース ファイル 'CCamera.cpp' をコンパイルしています)
  
C:\dxlib\DxLib.h(4586,1): warning C4819: ファイルは、現在のコード ページ (932) で表示できない文字を含んでいます。データの損失を防ぐために、ファイルを Unicode 形式で保存してください。
  (ソース ファイル 'CCamera.cpp' をコンパイルしています)
  
C:\dxlib\DxLib.h(4750,1): warning C4819: ファイルは、現在のコード ページ (932) で表示できない文字を含んでいます。データの損失を防ぐために、ファイルを Unicode 形式で保存してください。
  (ソース ファイル 'CCamera.cpp' をコンパイルしています)
  
C:\dxlib\DxLib.h(4917,1): warning C4819: ファイルは、現在のコード ページ (932) で表示できない文字を含んでいます。データの損失を防ぐために、ファイルを Unicode 形式で保存してください。
  (ソース ファイル 'CCamera.cpp' をコンパイルしています)
  
C:\dxlib\DxLib.h(5069,1): warning C4819: ファイルは、現在のコード ページ (932) で表示できない文字を含んでいます。データの損失を防ぐために、ファイルを Unicode 形式で保存してください。
  (ソース ファイル 'CCamera.cpp' をコンパイルしています)
  
C:\dxlib\DxLib.h(5258,1): warning C4819: ファイルは、現在のコード ページ (932) で表示できない文字を含んでいます。データの損失を防ぐために、ファイルを Unicode 形式で保存してください。
  (ソース ファイル 'CCamera.cpp' をコンパイルしています)
  
C:\dxlib\DxLib.h(5396,1): warning C4819: ファイルは、現在のコード ページ (932) で表示できない文字を含んでいます。データの損失を防ぐために、ファイルを Unicode 形式で保存してください。
  (ソース ファイル 'CCamera.cpp' をコンパイルしています)
  
C:\dxlib\DxLib.h(5581,1): warning C4819: ファイルは、現在のコード ページ (932) で表示できない文字を含んでいます。データの損失を防ぐために、ファイルを Unicode 形式で保存してください。
  (ソース ファイル 'CCamera.cpp' をコンパイルしています)
  
  2D_function.cpp
C:\dxlib\DxLib.h(1,1): warning C4819: ファイルは、現在のコード ページ (932) で表示できない文字を含んでいます。データの損失を防ぐために、ファイルを Unicode 形式で保存してください。
  (ソース ファイル '2D_function.cpp' をコンパイルしています)
  
C:\dxlib\DxCompileConfig.h(1,1): warning C4819: ファイルは、現在のコード ページ (932) で表示できない文字を含んでいます。データの損失を防ぐために、ファイルを Unicode 形式で保存してください。
  (ソース ファイル '2D_function.cpp' をコンパイルしています)
  
C:\dxlib\DxDataType.h(1,1): warning C4819: ファイルは、現在のコード ページ (932) で表示できない文字を含んでいます。データの損失を防ぐために、ファイルを Unicode 形式で保存してください。
  (ソース ファイル '2D_function.cpp' をコンパイルしています)
  
C:\dxlib\DxCompileConfig.h(1,1): warning C4819: ファイルは、現在のコード ページ (932) で表示できない文字を含んでいます。データの損失を防ぐために、ファイルを Unicode 形式で保存してください。
  (ソース ファイル '2D_function.cpp' をコンパイルしています)
  
C:\dxlib\DxDataTypeWin.h(1,1): warning C4819: ファイルは、現在のコード ページ (932) で表示できない文字を含んでいます。データの損失を防ぐために、ファイルを Unicode 形式で保存してください。
  (ソース ファイル '2D_function.cpp' をコンパイルしています)
  
C:\dxlib\DxCompileConfig.h(1,1): warning C4819: ファイルは、現在のコード ページ (932) で表示できない文字を含んでいます。データの損失を防ぐために、ファイルを Unicode 形式で保存してください。
  (ソース ファイル '2D_function.cpp' をコンパイルしています)
  
C:\dxlib\DxDataTypeWin.h(443,1): warning C4819: ファイルは、現在のコード ページ (932) で表示できない文字を含んでいます。データの損失を防ぐために、ファイルを Unicode 形式で保存してください。
  (ソース ファイル '2D_function.cpp' をコンパイルしています)
  
C:\dxlib\DxDataTypeWin.h(1089,1): warning C4819: ファイルは、現在のコード ページ (932) で表示できない文字を含んでいます。データの損失を防ぐために、ファイルを Unicode 形式で保存してください。
  (ソース ファイル '2D_function.cpp' をコンパイルしています)
  
C:\dxlib\DxLib.h(406,1): warning C4819: ファイルは、現在のコード ページ (932) で表示できない文字を含んでいます。データの損失を防ぐために、ファイルを Unicode 形式で保存してください。
  (ソース ファイル '2D_function.cpp' をコンパイルしています)
  
C:\dxlib\DxLib.h(803,1): warning C4819: ファイルは、現在のコード ページ (932) で表示できない文字を含んでいます。データの損失を防ぐために、ファイルを Unicode 形式で保存してください。
  (ソース ファイル '2D_function.cpp' をコンパイルしています)
  
C:\dxlib\DxLib.h(1328,1): warning C4819: ファイルは、現在のコード ページ (932) で表示できない文字を含んでいます。データの損失を防ぐために、ファイルを Unicode 形式で保存してください。
  (ソース ファイル '2D_function.cpp' をコンパイルしています)
  
C:\dxlib\DxLib.h(1842,1): warning C4819: ファイルは、現在のコード ページ (932) で表示できない文字を含んでいます。データの損失を防ぐために、ファイルを Unicode 形式で保存してください。
  (ソース ファイル '2D_function.cpp' をコンパイルしています)
  
C:\dxlib\DxFunctionWin.h(1,1): warning C4819: ファイルは、現在のコード ページ (932) で表示できない文字を含んでいます。データの損失を防ぐために、ファイルを Unicode 形式で保存してください。
  (ソース ファイル '2D_function.cpp' をコンパイルしています)
  
C:\dxlib\DxFunctionWin.h(155,1): warning C4819: ファイルは、現在のコード ページ (932) で表示できない文字を含んでいます。データの損失を防ぐために、ファイルを Unicode 形式で保存してください。
  (ソース ファイル '2D_function.cpp' をコンパイルしています)
  
C:\dxlib\DxFunctionWin.h(337,1): warning C4819: ファイルは、現在のコード ページ (932) で表示できない文字を含んでいます。データの損失を防ぐために、ファイルを Unicode 形式で保存してください。
  (ソース ファイル '2D_function.cpp' をコンパイルしています)
  
C:\dxlib\DxLib.h(2183,1): warning C4819: ファイルは、現在のコード ページ (932) で表示できない文字を含んでいます。データの損失を防ぐために、ファイルを Unicode 形式で保存してください。
  (ソース ファイル '2D_function.cpp' をコンパイルしています)
  
C:\dxlib\DxLib.h(2377,1): warning C4819: ファイルは、現在のコード ページ (932) で表示できない文字を含んでいます。データの損失を防ぐために、ファイルを Unicode 形式で保存してください。
  (ソース ファイル '2D_function.cpp' をコンパイルしています)
  
C:\dxlib\DxLib.h(2572,1): warning C4819: ファイルは、現在のコード ページ (932) で表示できない文字を含んでいます。データの損失を防ぐために、ファイルを Unicode 形式で保存してください。
  (ソース ファイル '2D_function.cpp' をコンパイルしています)
  
C:\dxlib\DxLib.h(2716,1): warning C4819: ファイルは、現在のコード ページ (932) で表示できない文字を含んでいます。データの損失を防ぐために、ファイルを Unicode 形式で保存してください。
  (ソース ファイル '2D_function.cpp' をコンパイルしています)
  
C:\dxlib\DxLib.h(2821,1): warning C4819: ファイルは、現在のコード ページ (932) で表示できない文字を含んでいます。データの損失を防ぐために、ファイルを Unicode 形式で保存してください。
  (ソース ファイル '2D_function.cpp' をコンパイルしています)
  
C:\dxlib\DxLib.h(2954,1): warning C4819: ファイルは、現在のコード ページ (932) で表示できない文字を含んでいます。データの損失を防ぐために、ファイルを Unicode 形式で保存してください。
  (ソース ファイル '2D_function.cpp' をコンパイルしています)
  
C:\dxlib\DxLib.h(3064,1): warning C4819: ファイルは、現在のコード ページ (932) で表示できない文字を含んでいます。データの損失を防ぐために、ファイルを Unicode 形式で保存してください。
  (ソース ファイル '2D_function.cpp' をコンパイルしています)
  
C:\dxlib\DxLib.h(3242,1): warning C4819: ファイルは、現在のコード ページ (932) で表示できない文字を含んでいます。データの損失を防ぐために、ファイルを Unicode 形式で保存してください。
  (ソース ファイル '2D_function.cpp' をコンパイルしています)
  
C:\dxlib\DxLib.h(3381,1): warning C4819: ファイルは、現在のコード ページ (932) で表示できない文字を含んでいます。データの損失を防ぐために、ファイルを Unicode 形式で保存してください。
  (ソース ファイル '2D_function.cpp' をコンパイルしています)
  
C:\dxlib\DxLib.h(3544,1): warning C4819: ファイルは、現在のコード ページ (932) で表示できない文字を含んでいます。データの損失を防ぐために、ファイルを Unicode 形式で保存してください。
  (ソース ファイル '2D_function.cpp' をコンパイルしています)
  
C:\dxlib\DxLib.h(3735,1): warning C4819: ファイルは、現在のコード ページ (932) で表示できない文字を含んでいます。データの損失を防ぐために、ファイルを Unicode 形式で保存してください。
  (ソース ファイル '2D_function.cpp' をコンパイルしています)
  
C:\dxlib\DxLib.h(3844,1): warning C4819: ファイルは、現在のコード ページ (932) で表示できない文字を含んでいます。データの損失を防ぐために、ファイルを Unicode 形式で保存してください。
  (ソース ファイル '2D_function.cpp' をコンパイルしています)
  
C:\dxlib\DxLib.h(3931,1): warning C4819: ファイルは、現在のコード ページ (932) で表示できない文字を含んでいます。データの損失を防ぐために、ファイルを Unicode 形式で保存してください。
  (ソース ファイル '2D_function.cpp' をコンパイルしています)
  
C:\dxlib\DxLib.h(4080,1): warning C4819: ファイルは、現在のコード ページ (932) で表示できない文字を含んでいます。データの損失を防ぐために、ファイルを Unicode 形式で保存してください。
  (ソース ファイル '2D_function.cpp' をコンパイルしています)
  
C:\dxlib\DxLib.h(4586,1): warning C4819: ファイルは、現在のコード ページ (932) で表示できない文字を含んでいます。データの損失を防ぐために、ファイルを Unicode 形式で保存してください。
  (ソース ファイル '2D_function.cpp' をコンパイルしています)
  
C:\dxlib\DxLib.h(4750,1): warning C4819: ファイルは、現在のコード ページ (932) で表示できない文字を含んでいます。データの損失を防ぐために、ファイルを Unicode 形式で保存してください。
  (ソース ファイル '2D_function.cpp' をコンパイルしています)
  
C:\dxlib\DxLib.h(4917,1): warning C4819: ファイルは、現在のコード ページ (932) で表示できない文字を含んでいます。データの損失を防ぐために、ファイルを Unicode 形式で保存してください。
  (ソース ファイル '2D_function.cpp' をコンパイルしています)
  
C:\dxlib\DxLib.h(5069,1): warning C4819: ファイルは、現在のコード ページ (932) で表示できない文字を含んでいます。データの損失を防ぐために、ファイルを Unicode 形式で保存してください。
  (ソース ファイル '2D_function.cpp' をコンパイルしています)
  
C:\dxlib\DxLib.h(5258,1): warning C4819: ファイルは、現在のコード ページ (932) で表示できない文字を含んでいます。データの損失を防ぐために、ファイルを Unicode 形式で保存してください。
  (ソース ファイル '2D_function.cpp' をコンパイルしています)
  
C:\dxlib\DxLib.h(5396,1): warning C4819: ファイルは、現在のコード ページ (932) で表示できない文字を含んでいます。データの損失を防ぐために、ファイルを Unicode 形式で保存してください。
  (ソース ファイル '2D_function.cpp' をコンパイルしています)
  
C:\dxlib\DxLib.h(5581,1): warning C4819: ファイルは、現在のコード ページ (932) で表示できない文字を含んでいます。データの損失を防ぐために、ファイルを Unicode 形式で保存してください。
  (ソース ファイル '2D_function.cpp' をコンパイルしています)
  
C:\Users\GA2A\Desktop\fami\famicon\famicon\2D_function.cpp(23,143): warning C4244: '=': 'double' から 'float' への変換です。データが失われる可能性があります。
C:\Users\GA2A\Desktop\fami\famicon\famicon\2D_function.cpp(23,202): warning C4244: '=': 'double' から 'float' への変換です。データが失われる可能性があります。
  game.cpp
C:\dxlib\DxLib.h(1,1): warning C4819: ファイルは、現在のコード ページ (932) で表示できない文字を含んでいます。データの損失を防ぐために、ファイルを Unicode 形式で保存してください。
  (ソース ファイル 'game.cpp' をコンパイルしています)
  
C:\dxlib\DxCompileConfig.h(1,1): warning C4819: ファイルは、現在のコード ページ (932) で表示できない文字を含んでいます。データの損失を防ぐために、ファイルを Unicode 形式で保存してください。
  (ソース ファイル 'game.cpp' をコンパイルしています)
  
C:\dxlib\DxDataType.h(1,1): warning C4819: ファイルは、現在のコード ページ (932) で表示できない文字を含んでいます。データの損失を防ぐために、ファイルを Unicode 形式で保存してください。
  (ソース ファイル 'game.cpp' をコンパイルしています)
  
C:\dxlib\DxCompileConfig.h(1,1): warning C4819: ファイルは、現在のコード ページ (932) で表示できない文字を含んでいます。データの損失を防ぐために、ファイルを Unicode 形式で保存してください。
  (ソース ファイル 'game.cpp' をコンパイルしています)
  
C:\dxlib\DxDataTypeWin.h(1,1): warning C4819: ファイルは、現在のコード ページ (932) で表示できない文字を含んでいます。データの損失を防ぐために、ファイルを Unicode 形式で保存してください。
  (ソース ファイル 'game.cpp' をコンパイルしています)
  
C:\dxlib\DxCompileConfig.h(1,1): warning C4819: ファイルは、現在のコード ページ (932) で表示できない文字を含んでいます。データの損失を防ぐために、ファイルを Unicode 形式で保存してください。
  (ソース ファイル 'game.cpp' をコンパイルしています)
  
C:\dxlib\DxDataTypeWin.h(443,1): warning C4819: ファイルは、現在のコード ページ (932) で表示できない文字を含んでいます。データの損失を防ぐために、ファイルを Unicode 形式で保存してください。
  (ソース ファイル 'game.cpp' をコンパイルしています)
  
C:\dxlib\DxDataTypeWin.h(1089,1): warning C4819: ファイルは、現在のコード ページ (932) で表示できない文字を含んでいます。データの損失を防ぐために、ファイルを Unicode 形式で保存してください。
  (ソース ファイル 'game.cpp' をコンパイルしています)
  
C:\dxlib\DxLib.h(406,1): warning C4819: ファイルは、現在のコード ページ (932) で表示できない文字を含んでいます。データの損失を防ぐために、ファイルを Unicode 形式で保存してください。
  (ソース ファイル 'game.cpp' をコンパイルしています)
  
C:\dxlib\DxLib.h(803,1): warning C4819: ファイルは、現在のコード ページ (932) で表示できない文字を含んでいます。データの損失を防ぐために、ファイルを Unicode 形式で保存してください。
  (ソース ファイル 'game.cpp' をコンパイルしています)
  
C:\dxlib\DxLib.h(1328,1): warning C4819: ファイルは、現在のコード ページ (932) で表示できない文字を含んでいます。データの損失を防ぐために、ファイルを Unicode 形式で保存してください。
  (ソース ファイル 'game.cpp' をコンパイルしています)
  
C:\dxlib\DxLib.h(1842,1): warning C4819: ファイルは、現在のコード ページ (932) で表示できない文字を含んでいます。データの損失を防ぐために、ファイルを Unicode 形式で保存してください。
  (ソース ファイル 'game.cpp' をコンパイルしています)
  
C:\dxlib\DxFunctionWin.h(1,1): warning C4819: ファイルは、現在のコード ページ (932) で表示できない文字を含んでいます。データの損失を防ぐために、ファイルを Unicode 形式で保存してください。
  (ソース ファイル 'game.cpp' をコンパイルしています)
  
C:\dxlib\DxFunctionWin.h(155,1): warning C4819: ファイルは、現在のコード ページ (932) で表示できない文字を含んでいます。データの損失を防ぐために、ファイルを Unicode 形式で保存してください。
  (ソース ファイル 'game.cpp' をコンパイルしています)
  
C:\dxlib\DxFunctionWin.h(337,1): warning C4819: ファイルは、現在のコード ページ (932) で表示できない文字を含んでいます。データの損失を防ぐために、ファイルを Unicode 形式で保存してください。
  (ソース ファイル 'game.cpp' をコンパイルしています)
  
C:\dxlib\DxLib.h(2183,1): warning C4819: ファイルは、現在のコード ページ (932) で表示できない文字を含んでいます。データの損失を防ぐために、ファイルを Unicode 形式で保存してください。
  (ソース ファイル 'game.cpp' をコンパイルしています)
  
C:\dxlib\DxLib.h(2377,1): warning C4819: ファイルは、現在のコード ページ (932) で表示できない文字を含んでいます。データの損失を防ぐために、ファイルを Unicode 形式で保存してください。
  (ソース ファイル 'game.cpp' をコンパイルしています)
  
C:\dxlib\DxLib.h(2572,1): warning C4819: ファイルは、現在のコード ページ (932) で表示できない文字を含んでいます。データの損失を防ぐために、ファイルを Unicode 形式で保存してください。
  (ソース ファイル 'game.cpp' をコンパイルしています)
  
C:\dxlib\DxLib.h(2716,1): warning C4819: ファイルは、現在のコード ページ (932) で表示できない文字を含んでいます。データの損失を防ぐために、ファイルを Unicode 形式で保存してください。
  (ソース ファイル 'game.cpp' をコンパイルしています)
  
C:\dxlib\DxLib.h(2821,1): warning C4819: ファイルは、現在のコード ページ (932) で表示できない文字を含んでいます。データの損失を防ぐために、ファイルを Unicode 形式で保存してください。
  (ソース ファイル 'game.cpp' をコンパイルしています)
  
C:\dxlib\DxLib.h(2954,1): warning C4819: ファイルは、現在のコード ページ (932) で表示できない文字を含んでいます。データの損失を防ぐために、ファイルを Unicode 形式で保存してください。
  (ソース ファイル 'game.cpp' をコンパイルしています)
  
C:\dxlib\DxLib.h(3064,1): warning C4819: ファイルは、現在のコード ページ (932) で表示できない文字を含んでいます。データの損失を防ぐために、ファイルを Unicode 形式で保存してください。
  (ソース ファイル 'game.cpp' をコンパイルしています)
  
C:\dxlib\DxLib.h(3242,1): warning C4819: ファイルは、現在のコード ページ (932) で表示できない文字を含んでいます。データの損失を防ぐために、ファイルを Unicode 形式で保存してください。
  (ソース ファイル 'game.cpp' をコンパイルしています)
  
C:\dxlib\DxLib.h(3381,1): warning C4819: ファイルは、現在のコード ページ (932) で表示できない文字を含んでいます。データの損失を防ぐために、ファイルを Unicode 形式で保存してください。
  (ソース ファイル 'game.cpp' をコンパイルしています)
  
C:\dxlib\DxLib.h(3544,1): warning C4819: ファイルは、現在のコード ページ (932) で表示できない文字を含んでいます。データの損失を防ぐために、ファイルを Unicode 形式で保存してください。
  (ソース ファイル 'game.cpp' をコンパイルしています)
  
C:\dxlib\DxLib.h(3735,1): warning C4819: ファイルは、現在のコード ページ (932) で表示できない文字を含んでいます。データの損失を防ぐために、ファイルを Unicode 形式で保存してください。
  (ソース ファイル 'game.cpp' をコンパイルしています)
  
C:\dxlib\DxLib.h(3844,1): warning C4819: ファイルは、現在のコード ページ (932) で表示できない文字を含んでいます。データの損失を防ぐために、ファイルを Unicode 形式で保存してください。
  (ソース ファイル 'game.cpp' をコンパイルしています)
  
C:\dxlib\DxLib.h(3931,1): warning C4819: ファイルは、現在のコード ページ (932) で表示できない文字を含んでいます。データの損失を防ぐために、ファイルを Unicode 形式で保存してください。
  (ソース ファイル 'game.cpp' をコンパイルしています)
  
C:\dxlib\DxLib.h(4080,1): warning C4819: ファイルは、現在のコード ページ (932) で表示できない文字を含んでいます。データの損失を防ぐために、ファイルを Unicode 形式で保存してください。
  (ソース ファイル 'game.cpp' をコンパイルしています)
  
C:\dxlib\DxLib.h(4586,1): warning C4819: ファイルは、現在のコード ページ (932) で表示できない文字を含んでいます。データの損失を防ぐために、ファイルを Unicode 形式で保存してください。
  (ソース ファイル 'game.cpp' をコンパイルしています)
  
C:\dxlib\DxLib.h(4750,1): warning C4819: ファイルは、現在のコード ページ (932) で表示できない文字を含んでいます。データの損失を防ぐために、ファイルを Unicode 形式で保存してください。
  (ソース ファイル 'game.cpp' をコンパイルしています)
  
C:\dxlib\DxLib.h(4917,1): warning C4819: ファイルは、現在のコード ページ (932) で表示できない文字を含んでいます。データの損失を防ぐために、ファイルを Unicode 形式で保存してください。
  (ソース ファイル 'game.cpp' をコンパイルしています)
  
C:\dxlib\DxLib.h(5069,1): warning C4819: ファイルは、現在のコード ページ (932) で表示できない文字を含んでいます。データの損失を防ぐために、ファイルを Unicode 形式で保存してください。
  (ソース ファイル 'game.cpp' をコンパイルしています)
  
C:\dxlib\DxLib.h(5258,1): warning C4819: ファイルは、現在のコード ページ (932) で表示できない文字を含んでいます。データの損失を防ぐために、ファイルを Unicode 形式で保存してください。
  (ソース ファイル 'game.cpp' をコンパイルしています)
  
C:\dxlib\DxLib.h(5396,1): warning C4819: ファイルは、現在のコード ページ (932) で表示できない文字を含んでいます。データの損失を防ぐために、ファイルを Unicode 形式で保存してください。
  (ソース ファイル 'game.cpp' をコンパイルしています)
  
C:\dxlib\DxLib.h(5581,1): warning C4819: ファイルは、現在のコード ページ (932) で表示できない文字を含んでいます。データの損失を防ぐために、ファイルを Unicode 形式で保存してください。
  (ソース ファイル 'game.cpp' をコンパイルしています)
  
C:\Users\GA2A\Desktop\fami\famicon\famicon\game.cpp(98,37): warning C4267: '引数': 'size_t' から 'int' に変換しました。データが失われているかもしれません。
  ground.cpp
C:\dxlib\DxLib.h(1,1): warning C4819: ファイルは、現在のコード ページ (932) で表示できない文字を含んでいます。データの損失を防ぐために、ファイルを Unicode 形式で保存してください。
  (ソース ファイル 'ground.cpp' をコンパイルしています)
  
C:\dxlib\DxCompileConfig.h(1,1): warning C4819: ファイルは、現在のコード ページ (932) で表示できない文字を含んでいます。データの損失を防ぐために、ファイルを Unicode 形式で保存してください。
  (ソース ファイル 'ground.cpp' をコンパイルしています)
  
C:\dxlib\DxDataType.h(1,1): warning C4819: ファイルは、現在のコード ページ (932) で表示できない文字を含んでいます。データの損失を防ぐために、ファイルを Unicode 形式で保存してください。
  (ソース ファイル 'ground.cpp' をコンパイルしています)
  
C:\dxlib\DxCompileConfig.h(1,1): warning C4819: ファイルは、現在のコード ページ (932) で表示できない文字を含んでいます。データの損失を防ぐために、ファイルを Unicode 形式で保存してください。
  (ソース ファイル 'ground.cpp' をコンパイルしています)
  
C:\dxlib\DxDataTypeWin.h(1,1): warning C4819: ファイルは、現在のコード ページ (932) で表示できない文字を含んでいます。データの損失を防ぐために、ファイルを Unicode 形式で保存してください。
  (ソース ファイル 'ground.cpp' をコンパイルしています)
  
C:\dxlib\DxCompileConfig.h(1,1): warning C4819: ファイルは、現在のコード ページ (932) で表示できない文字を含んでいます。データの損失を防ぐために、ファイルを Unicode 形式で保存してください。
  (ソース ファイル 'ground.cpp' をコンパイルしています)
  
C:\dxlib\DxDataTypeWin.h(443,1): warning C4819: ファイルは、現在のコード ページ (932) で表示できない文字を含んでいます。データの損失を防ぐために、ファイルを Unicode 形式で保存してください。
  (ソース ファイル 'ground.cpp' をコンパイルしています)
  
C:\dxlib\DxDataTypeWin.h(1089,1): warning C4819: ファイルは、現在のコード ページ (932) で表示できない文字を含んでいます。データの損失を防ぐために、ファイルを Unicode 形式で保存してください。
  (ソース ファイル 'ground.cpp' をコンパイルしています)
  
C:\dxlib\DxLib.h(406,1): warning C4819: ファイルは、現在のコード ページ (932) で表示できない文字を含んでいます。データの損失を防ぐために、ファイルを Unicode 形式で保存してください。
  (ソース ファイル 'ground.cpp' をコンパイルしています)
  
C:\dxlib\DxLib.h(803,1): warning C4819: ファイルは、現在のコード ページ (932) で表示できない文字を含んでいます。データの損失を防ぐために、ファイルを Unicode 形式で保存してください。
  (ソース ファイル 'ground.cpp' をコンパイルしています)
  
C:\dxlib\DxLib.h(1328,1): warning C4819: ファイルは、現在のコード ページ (932) で表示できない文字を含んでいます。データの損失を防ぐために、ファイルを Unicode 形式で保存してください。
  (ソース ファイル 'ground.cpp' をコンパイルしています)
  
C:\dxlib\DxLib.h(1842,1): warning C4819: ファイルは、現在のコード ページ (932) で表示できない文字を含んでいます。データの損失を防ぐために、ファイルを Unicode 形式で保存してください。
  (ソース ファイル 'ground.cpp' をコンパイルしています)
  
C:\dxlib\DxFunctionWin.h(1,1): warning C4819: ファイルは、現在のコード ページ (932) で表示できない文字を含んでいます。データの損失を防ぐために、ファイルを Unicode 形式で保存してください。
  (ソース ファイル 'ground.cpp' をコンパイルしています)
  
C:\dxlib\DxFunctionWin.h(155,1): warning C4819: ファイルは、現在のコード ページ (932) で表示できない文字を含んでいます。データの損失を防ぐために、ファイルを Unicode 形式で保存してください。
  (ソース ファイル 'ground.cpp' をコンパイルしています)
  
C:\dxlib\DxFunctionWin.h(337,1): warning C4819: ファイルは、現在のコード ページ (932) で表示できない文字を含んでいます。データの損失を防ぐために、ファイルを Unicode 形式で保存してください。
  (ソース ファイル 'ground.cpp' をコンパイルしています)
  
C:\dxlib\DxLib.h(2183,1): warning C4819: ファイルは、現在のコード ページ (932) で表示できない文字を含んでいます。データの損失を防ぐために、ファイルを Unicode 形式で保存してください。
  (ソース ファイル 'ground.cpp' をコンパイルしています)
  
C:\dxlib\DxLib.h(2377,1): warning C4819: ファイルは、現在のコード ページ (932) で表示できない文字を含んでいます。データの損失を防ぐために、ファイルを Unicode 形式で保存してください。
  (ソース ファイル 'ground.cpp' をコンパイルしています)
  
C:\dxlib\DxLib.h(2572,1): warning C4819: ファイルは、現在のコード ページ (932) で表示できない文字を含んでいます。データの損失を防ぐために、ファイルを Unicode 形式で保存してください。
  (ソース ファイル 'ground.cpp' をコンパイルしています)
  
C:\dxlib\DxLib.h(2716,1): warning C4819: ファイルは、現在のコード ページ (932) で表示できない文字を含んでいます。データの損失を防ぐために、ファイルを Unicode 形式で保存してください。
  (ソース ファイル 'ground.cpp' をコンパイルしています)
  
C:\dxlib\DxLib.h(2821,1): warning C4819: ファイルは、現在のコード ページ (932) で表示できない文字を含んでいます。データの損失を防ぐために、ファイルを Unicode 形式で保存してください。
  (ソース ファイル 'ground.cpp' をコンパイルしています)
  
C:\dxlib\DxLib.h(2954,1): warning C4819: ファイルは、現在のコード ページ (932) で表示できない文字を含んでいます。データの損失を防ぐために、ファイルを Unicode 形式で保存してください。
  (ソース ファイル 'ground.cpp' をコンパイルしています)
  
C:\dxlib\DxLib.h(3064,1): warning C4819: ファイルは、現在のコード ページ (932) で表示できない文字を含んでいます。データの損失を防ぐために、ファイルを Unicode 形式で保存してください。
  (ソース ファイル 'ground.cpp' をコンパイルしています)
  
C:\dxlib\DxLib.h(3242,1): warning C4819: ファイルは、現在のコード ページ (932) で表示できない文字を含んでいます。データの損失を防ぐために、ファイルを Unicode 形式で保存してください。
  (ソース ファイル 'ground.cpp' をコンパイルしています)
  
C:\dxlib\DxLib.h(3381,1): warning C4819: ファイルは、現在のコード ページ (932) で表示できない文字を含んでいます。データの損失を防ぐために、ファイルを Unicode 形式で保存してください。
  (ソース ファイル 'ground.cpp' をコンパイルしています)
  
C:\dxlib\DxLib.h(3544,1): warning C4819: ファイルは、現在のコード ページ (932) で表示できない文字を含んでいます。データの損失を防ぐために、ファイルを Unicode 形式で保存してください。
  (ソース ファイル 'ground.cpp' をコンパイルしています)
  
C:\dxlib\DxLib.h(3735,1): warning C4819: ファイルは、現在のコード ページ (932) で表示できない文字を含んでいます。データの損失を防ぐために、ファイルを Unicode 形式で保存してください。
  (ソース ファイル 'ground.cpp' をコンパイルしています)
  
C:\dxlib\DxLib.h(3844,1): warning C4819: ファイルは、現在のコード ページ (932) で表示できない文字を含んでいます。データの損失を防ぐために、ファイルを Unicode 形式で保存してください。
  (ソース ファイル 'ground.cpp' をコンパイルしています)
  
C:\dxlib\DxLib.h(3931,1): warning C4819: ファイルは、現在のコード ページ (932) で表示できない文字を含んでいます。データの損失を防ぐために、ファイルを Unicode 形式で保存してください。
  (ソース ファイル 'ground.cpp' をコンパイルしています)
  
C:\dxlib\DxLib.h(4080,1): warning C4819: ファイルは、現在のコード ページ (932) で表示できない文字を含んでいます。データの損失を防ぐために、ファイルを Unicode 形式で保存してください。
  (ソース ファイル 'ground.cpp' をコンパイルしています)
  
C:\dxlib\DxLib.h(4586,1): warning C4819: ファイルは、現在のコード ページ (932) で表示できない文字を含んでいます。データの損失を防ぐために、ファイルを Unicode 形式で保存してください。
  (ソース ファイル 'ground.cpp' をコンパイルしています)
  
C:\dxlib\DxLib.h(4750,1): warning C4819: ファイルは、現在のコード ページ (932) で表示できない文字を含んでいます。データの損失を防ぐために、ファイルを Unicode 形式で保存してください。
  (ソース ファイル 'ground.cpp' をコンパイルしています)
  
C:\dxlib\DxLib.h(4917,1): warning C4819: ファイルは、現在のコード ページ (932) で表示できない文字を含んでいます。データの損失を防ぐために、ファイルを Unicode 形式で保存してください。
  (ソース ファイル 'ground.cpp' をコンパイルしています)
  
C:\dxlib\DxLib.h(5069,1): warning C4819: ファイルは、現在のコード ページ (932) で表示できない文字を含んでいます。データの損失を防ぐために、ファイルを Unicode 形式で保存してください。
  (ソース ファイル 'ground.cpp' をコンパイルしています)
  
C:\dxlib\DxLib.h(5258,1): warning C4819: ファイルは、現在のコード ページ (932) で表示できない文字を含んでいます。データの損失を防ぐために、ファイルを Unicode 形式で保存してください。
  (ソース ファイル 'ground.cpp' をコンパイルしています)
  
C:\dxlib\DxLib.h(5396,1): warning C4819: ファイルは、現在のコード ページ (932) で表示できない文字を含んでいます。データの損失を防ぐために、ファイルを Unicode 形式で保存してください。
  (ソース ファイル 'ground.cpp' をコンパイルしています)
  
C:\dxlib\DxLib.h(5581,1): warning C4819: ファイルは、現在のコード ページ (932) で表示できない文字を含んでいます。データの損失を防ぐために、ファイルを Unicode 形式で保存してください。
  (ソース ファイル 'ground.cpp' をコンパイルしています)
  
C:\Users\GA2A\Desktop\fami\famicon\famicon\ground.cpp(24,22): warning C4244: '引数': 'float' から 'int' への変換です。データが失われる可能性があります。
C:\Users\GA2A\Desktop\fami\famicon\famicon\ground.cpp(24,15): warning C4244: '引数': 'float' から 'int' への変換です。データが失われる可能性があります。
  library_function.cpp
C:\dxlib\DxLib.h(1,1): warning C4819: ファイルは、現在のコード ページ (932) で表示できない文字を含んでいます。データの損失を防ぐために、ファイルを Unicode 形式で保存してください。
  (ソース ファイル 'library_function.cpp' をコンパイルしています)
  
C:\dxlib\DxCompileConfig.h(1,1): warning C4819: ファイルは、現在のコード ページ (932) で表示できない文字を含んでいます。データの損失を防ぐために、ファイルを Unicode 形式で保存してください。
  (ソース ファイル 'library_function.cpp' をコンパイルしています)
  
C:\dxlib\DxDataType.h(1,1): warning C4819: ファイルは、現在のコード ページ (932) で表示できない文字を含んでいます。データの損失を防ぐために、ファイルを Unicode 形式で保存してください。
  (ソース ファイル 'library_function.cpp' をコンパイルしています)
  
C:\dxlib\DxCompileConfig.h(1,1): warning C4819: ファイルは、現在のコード ページ (932) で表示できない文字を含んでいます。データの損失を防ぐために、ファイルを Unicode 形式で保存してください。
  (ソース ファイル 'library_function.cpp' をコンパイルしています)
  
C:\dxlib\DxDataTypeWin.h(1,1): warning C4819: ファイルは、現在のコード ページ (932) で表示できない文字を含んでいます。データの損失を防ぐために、ファイルを Unicode 形式で保存してください。
  (ソース ファイル 'library_function.cpp' をコンパイルしています)
  
C:\dxlib\DxCompileConfig.h(1,1): warning C4819: ファイルは、現在のコード ページ (932) で表示できない文字を含んでいます。データの損失を防ぐために、ファイルを Unicode 形式で保存してください。
  (ソース ファイル 'library_function.cpp' をコンパイルしています)
  
C:\dxlib\DxDataTypeWin.h(443,1): warning C4819: ファイルは、現在のコード ページ (932) で表示できない文字を含んでいます。データの損失を防ぐために、ファイルを Unicode 形式で保存してください。
  (ソース ファイル 'library_function.cpp' をコンパイルしています)
  
C:\dxlib\DxDataTypeWin.h(1089,1): warning C4819: ファイルは、現在のコード ページ (932) で表示できない文字を含んでいます。データの損失を防ぐために、ファイルを Unicode 形式で保存してください。
  (ソース ファイル 'library_function.cpp' をコンパイルしています)
  
C:\dxlib\DxLib.h(406,1): warning C4819: ファイルは、現在のコード ページ (932) で表示できない文字を含んでいます。データの損失を防ぐために、ファイルを Unicode 形式で保存してください。
  (ソース ファイル 'library_function.cpp' をコンパイルしています)
  
C:\dxlib\DxLib.h(803,1): warning C4819: ファイルは、現在のコード ページ (932) で表示できない文字を含んでいます。データの損失を防ぐために、ファイルを Unicode 形式で保存してください。
  (ソース ファイル 'library_function.cpp' をコンパイルしています)
  
C:\dxlib\DxLib.h(1328,1): warning C4819: ファイルは、現在のコード ページ (932) で表示できない文字を含んでいます。データの損失を防ぐために、ファイルを Unicode 形式で保存してください。
  (ソース ファイル 'library_function.cpp' をコンパイルしています)
  
C:\dxlib\DxLib.h(1842,1): warning C4819: ファイルは、現在のコード ページ (932) で表示できない文字を含んでいます。データの損失を防ぐために、ファイルを Unicode 形式で保存してください。
  (ソース ファイル 'library_function.cpp' をコンパイルしています)
  
C:\dxlib\DxFunctionWin.h(1,1): warning C4819: ファイルは、現在のコード ページ (932) で表示できない文字を含んでいます。データの損失を防ぐために、ファイルを Unicode 形式で保存してください。
  (ソース ファイル 'library_function.cpp' をコンパイルしています)
  
C:\dxlib\DxFunctionWin.h(155,1): warning C4819: ファイルは、現在のコード ページ (932) で表示できない文字を含んでいます。データの損失を防ぐために、ファイルを Unicode 形式で保存してください。
  (ソース ファイル 'library_function.cpp' をコンパイルしています)
  
C:\dxlib\DxFunctionWin.h(337,1): warning C4819: ファイルは、現在のコード ページ (932) で表示できない文字を含んでいます。データの損失を防ぐために、ファイルを Unicode 形式で保存してください。
  (ソース ファイル 'library_function.cpp' をコンパイルしています)
  
C:\dxlib\DxLib.h(2183,1): warning C4819: ファイルは、現在のコード ページ (932) で表示できない文字を含んでいます。データの損失を防ぐために、ファイルを Unicode 形式で保存してください。
  (ソース ファイル 'library_function.cpp' をコンパイルしています)
  
C:\dxlib\DxLib.h(2377,1): warning C4819: ファイルは、現在のコード ページ (932) で表示できない文字を含んでいます。データの損失を防ぐために、ファイルを Unicode 形式で保存してください。
  (ソース ファイル 'library_function.cpp' をコンパイルしています)
  
C:\dxlib\DxLib.h(2572,1): warning C4819: ファイルは、現在のコード ページ (932) で表示できない文字を含んでいます。データの損失を防ぐために、ファイルを Unicode 形式で保存してください。
  (ソース ファイル 'library_function.cpp' をコンパイルしています)
  
C:\dxlib\DxLib.h(2716,1): warning C4819: ファイルは、現在のコード ページ (932) で表示できない文字を含んでいます。データの損失を防ぐために、ファイルを Unicode 形式で保存してください。
  (ソース ファイル 'library_function.cpp' をコンパイルしています)
  
C:\dxlib\DxLib.h(2821,1): warning C4819: ファイルは、現在のコード ページ (932) で表示できない文字を含んでいます。データの損失を防ぐために、ファイルを Unicode 形式で保存してください。
  (ソース ファイル 'library_function.cpp' をコンパイルしています)
  
C:\dxlib\DxLib.h(2954,1): warning C4819: ファイルは、現在のコード ページ (932) で表示できない文字を含んでいます。データの損失を防ぐために、ファイルを Unicode 形式で保存してください。
  (ソース ファイル 'library_function.cpp' をコンパイルしています)
  
C:\dxlib\DxLib.h(3064,1): warning C4819: ファイルは、現在のコード ページ (932) で表示できない文字を含んでいます。データの損失を防ぐために、ファイルを Unicode 形式で保存してください。
  (ソース ファイル 'library_function.cpp' をコンパイルしています)
  
C:\dxlib\DxLib.h(3242,1): warning C4819: ファイルは、現在のコード ページ (932) で表示できない文字を含んでいます。データの損失を防ぐために、ファイルを Unicode 形式で保存してください。
  (ソース ファイル 'library_function.cpp' をコンパイルしています)
  
C:\dxlib\DxLib.h(3381,1): warning C4819: ファイルは、現在のコード ページ (932) で表示できない文字を含んでいます。データの損失を防ぐために、ファイルを Unicode 形式で保存してください。
  (ソース ファイル 'library_function.cpp' をコンパイルしています)
  
C:\dxlib\DxLib.h(3544,1): warning C4819: ファイルは、現在のコード ページ (932) で表示できない文字を含んでいます。データの損失を防ぐために、ファイルを Unicode 形式で保存してください。
  (ソース ファイル 'library_function.cpp' をコンパイルしています)
  
C:\dxlib\DxLib.h(3735,1): warning C4819: ファイルは、現在のコード ページ (932) で表示できない文字を含んでいます。データの損失を防ぐために、ファイルを Unicode 形式で保存してください。
  (ソース ファイル 'library_function.cpp' をコンパイルしています)
  
C:\dxlib\DxLib.h(3844,1): warning C4819: ファイルは、現在のコード ページ (932) で表示できない文字を含んでいます。データの損失を防ぐために、ファイルを Unicode 形式で保存してください。
  (ソース ファイル 'library_function.cpp' をコンパイルしています)
  
C:\dxlib\DxLib.h(3931,1): warning C4819: ファイルは、現在のコード ページ (932) で表示できない文字を含んでいます。データの損失を防ぐために、ファイルを Unicode 形式で保存してください。
  (ソース ファイル 'library_function.cpp' をコンパイルしています)
  
C:\dxlib\DxLib.h(4080,1): warning C4819: ファイルは、現在のコード ページ (932) で表示できない文字を含んでいます。データの損失を防ぐために、ファイルを Unicode 形式で保存してください。
  (ソース ファイル 'library_function.cpp' をコンパイルしています)
  
C:\dxlib\DxLib.h(4586,1): warning C4819: ファイルは、現在のコード ページ (932) で表示できない文字を含んでいます。データの損失を防ぐために、ファイルを Unicode 形式で保存してください。
  (ソース ファイル 'library_function.cpp' をコンパイルしています)
  
C:\dxlib\DxLib.h(4750,1): warning C4819: ファイルは、現在のコード ページ (932) で表示できない文字を含んでいます。データの損失を防ぐために、ファイルを Unicode 形式で保存してください。
  (ソース ファイル 'library_function.cpp' をコンパイルしています)
  
C:\dxlib\DxLib.h(4917,1): warning C4819: ファイルは、現在のコード ページ (932) で表示できない文字を含んでいます。データの損失を防ぐために、ファイルを Unicode 形式で保存してください。
  (ソース ファイル 'library_function.cpp' をコンパイルしています)
  
C:\dxlib\DxLib.h(5069,1): warning C4819: ファイルは、現在のコード ページ (932) で表示できない文字を含んでいます。データの損失を防ぐために、ファイルを Unicode 形式で保存してください。
  (ソース ファイル 'library_function.cpp' をコンパイルしています)
  
C:\dxlib\DxLib.h(5258,1): warning C4819: ファイルは、現在のコード ページ (932) で表示できない文字を含んでいます。データの損失を防ぐために、ファイルを Unicode 形式で保存してください。
  (ソース ファイル 'library_function.cpp' をコンパイルしています)
  
C:\dxlib\DxLib.h(5396,1): warning C4819: ファイルは、現在のコード ページ (932) で表示できない文字を含んでいます。データの損失を防ぐために、ファイルを Unicode 形式で保存してください。
  (ソース ファイル 'library_function.cpp' をコンパイルしています)
  
C:\dxlib\DxLib.h(5581,1): warning C4819: ファイルは、現在のコード ページ (932) で表示できない文字を含んでいます。データの損失を防ぐために、ファイルを Unicode 形式で保存してください。
  (ソース ファイル 'library_function.cpp' をコンパイルしています)
  
  main.cpp
C:\dxlib\DxLib.h(1,1): warning C4819: ファイルは、現在のコード ページ (932) で表示できない文字を含んでいます。データの損失を防ぐために、ファイルを Unicode 形式で保存してください。
  (ソース ファイル 'main.cpp' をコンパイルしています)
  
C:\dxlib\DxCompileConfig.h(1,1): warning C4819: ファイルは、現在のコード ページ (932) で表示できない文字を含んでいます。データの損失を防ぐために、ファイルを Unicode 形式で保存してください。
  (ソース ファイル 'main.cpp' をコンパイルしています)
  
C:\dxlib\DxDataType.h(1,1): warning C4819: ファイルは、現在のコード ページ (932) で表示できない文字を含んでいます。データの損失を防ぐために、ファイルを Unicode 形式で保存してください。
  (ソース ファイル 'main.cpp' をコンパイルしています)
  
C:\dxlib\DxCompileConfig.h(1,1): warning C4819: ファイルは、現在のコード ページ (932) で表示できない文字を含んでいます。データの損失を防ぐために、ファイルを Unicode 形式で保存してください。
  (ソース ファイル 'main.cpp' をコンパイルしています)
  
C:\dxlib\DxDataTypeWin.h(1,1): warning C4819: ファイルは、現在のコード ページ (932) で表示できない文字を含んでいます。データの損失を防ぐために、ファイルを Unicode 形式で保存してください。
  (ソース ファイル 'main.cpp' をコンパイルしています)
  
C:\dxlib\DxCompileConfig.h(1,1): warning C4819: ファイルは、現在のコード ページ (932) で表示できない文字を含んでいます。データの損失を防ぐために、ファイルを Unicode 形式で保存してください。
  (ソース ファイル 'main.cpp' をコンパイルしています)
  
C:\dxlib\DxDataTypeWin.h(443,1): warning C4819: ファイルは、現在のコード ページ (932) で表示できない文字を含んでいます。データの損失を防ぐために、ファイルを Unicode 形式で保存してください。
  (ソース ファイル 'main.cpp' をコンパイルしています)
  
C:\dxlib\DxDataTypeWin.h(1089,1): warning C4819: ファイルは、現在のコード ページ (932) で表示できない文字を含んでいます。データの損失を防ぐために、ファイルを Unicode 形式で保存してください。
  (ソース ファイル 'main.cpp' をコンパイルしています)
  
C:\dxlib\DxLib.h(406,1): warning C4819: ファイルは、現在のコード ページ (932) で表示できない文字を含んでいます。データの損失を防ぐために、ファイルを Unicode 形式で保存してください。
  (ソース ファイル 'main.cpp' をコンパイルしています)
  
C:\dxlib\DxLib.h(803,1): warning C4819: ファイルは、現在のコード ページ (932) で表示できない文字を含んでいます。データの損失を防ぐために、ファイルを Unicode 形式で保存してください。
  (ソース ファイル 'main.cpp' をコンパイルしています)
  
C:\dxlib\DxLib.h(1328,1): warning C4819: ファイルは、現在のコード ページ (932) で表示できない文字を含んでいます。データの損失を防ぐために、ファイルを Unicode 形式で保存してください。
  (ソース ファイル 'main.cpp' をコンパイルしています)
  
C:\dxlib\DxLib.h(1842,1): warning C4819: ファイルは、現在のコード ページ (932) で表示できない文字を含んでいます。データの損失を防ぐために、ファイルを Unicode 形式で保存してください。
  (ソース ファイル 'main.cpp' をコンパイルしています)
  
C:\dxlib\DxFunctionWin.h(1,1): warning C4819: ファイルは、現在のコード ページ (932) で表示できない文字を含んでいます。データの損失を防ぐために、ファイルを Unicode 形式で保存してください。
  (ソース ファイル 'main.cpp' をコンパイルしています)
  
C:\dxlib\DxFunctionWin.h(155,1): warning C4819: ファイルは、現在のコード ページ (932) で表示できない文字を含んでいます。データの損失を防ぐために、ファイルを Unicode 形式で保存してください。
  (ソース ファイル 'main.cpp' をコンパイルしています)
  
C:\dxlib\DxFunctionWin.h(337,1): warning C4819: ファイルは、現在のコード ページ (932) で表示できない文字を含んでいます。データの損失を防ぐために、ファイルを Unicode 形式で保存してください。
  (ソース ファイル 'main.cpp' をコンパイルしています)
  
C:\dxlib\DxLib.h(2183,1): warning C4819: ファイルは、現在のコード ページ (932) で表示できない文字を含んでいます。データの損失を防ぐために、ファイルを Unicode 形式で保存してください。
  (ソース ファイル 'main.cpp' をコンパイルしています)
  
C:\dxlib\DxLib.h(2377,1): warning C4819: ファイルは、現在のコード ページ (932) で表示できない文字を含んでいます。データの損失を防ぐために、ファイルを Unicode 形式で保存してください。
  (ソース ファイル 'main.cpp' をコンパイルしています)
  
C:\dxlib\DxLib.h(2572,1): warning C4819: ファイルは、現在のコード ページ (932) で表示できない文字を含んでいます。データの損失を防ぐために、ファイルを Unicode 形式で保存してください。
  (ソース ファイル 'main.cpp' をコンパイルしています)
  
C:\dxlib\DxLib.h(2716,1): warning C4819: ファイルは、現在のコード ページ (932) で表示できない文字を含んでいます。データの損失を防ぐために、ファイルを Unicode 形式で保存してください。
  (ソース ファイル 'main.cpp' をコンパイルしています)
  
C:\dxlib\DxLib.h(2821,1): warning C4819: ファイルは、現在のコード ページ (932) で表示できない文字を含んでいます。データの損失を防ぐために、ファイルを Unicode 形式で保存してください。
  (ソース ファイル 'main.cpp' をコンパイルしています)
  
C:\dxlib\DxLib.h(2954,1): warning C4819: ファイルは、現在のコード ページ (932) で表示できない文字を含んでいます。データの損失を防ぐために、ファイルを Unicode 形式で保存してください。
  (ソース ファイル 'main.cpp' をコンパイルしています)
  
C:\dxlib\DxLib.h(3064,1): warning C4819: ファイルは、現在のコード ページ (932) で表示できない文字を含んでいます。データの損失を防ぐために、ファイルを Unicode 形式で保存してください。
  (ソース ファイル 'main.cpp' をコンパイルしています)
  
C:\dxlib\DxLib.h(3242,1): warning C4819: ファイルは、現在のコード ページ (932) で表示できない文字を含んでいます。データの損失を防ぐために、ファイルを Unicode 形式で保存してください。
  (ソース ファイル 'main.cpp' をコンパイルしています)
  
C:\dxlib\DxLib.h(3381,1): warning C4819: ファイルは、現在のコード ページ (932) で表示できない文字を含んでいます。データの損失を防ぐために、ファイルを Unicode 形式で保存してください。
  (ソース ファイル 'main.cpp' をコンパイルしています)
  
C:\dxlib\DxLib.h(3544,1): warning C4819: ファイルは、現在のコード ページ (932) で表示できない文字を含んでいます。データの損失を防ぐために、ファイルを Unicode 形式で保存してください。
  (ソース ファイル 'main.cpp' をコンパイルしています)
  
C:\dxlib\DxLib.h(3735,1): warning C4819: ファイルは、現在のコード ページ (932) で表示できない文字を含んでいます。データの損失を防ぐために、ファイルを Unicode 形式で保存してください。
  (ソース ファイル 'main.cpp' をコンパイルしています)
  
C:\dxlib\DxLib.h(3844,1): warning C4819: ファイルは、現在のコード ページ (932) で表示できない文字を含んでいます。データの損失を防ぐために、ファイルを Unicode 形式で保存してください。
  (ソース ファイル 'main.cpp' をコンパイルしています)
  
C:\dxlib\DxLib.h(3931,1): warning C4819: ファイルは、現在のコード ページ (932) で表示できない文字を含んでいます。データの損失を防ぐために、ファイルを Unicode 形式で保存してください。
  (ソース ファイル 'main.cpp' をコンパイルしています)
  
C:\dxlib\DxLib.h(4080,1): warning C4819: ファイルは、現在のコード ページ (932) で表示できない文字を含んでいます。データの損失を防ぐために、ファイルを Unicode 形式で保存してください。
  (ソース ファイル 'main.cpp' をコンパイルしています)
  
C:\dxlib\DxLib.h(4586,1): warning C4819: ファイルは、現在のコード ページ (932) で表示できない文字を含んでいます。データの損失を防ぐために、ファイルを Unicode 形式で保存してください。
  (ソース ファイル 'main.cpp' をコンパイルしています)
  
C:\dxlib\DxLib.h(4750,1): warning C4819: ファイルは、現在のコード ページ (932) で表示できない文字を含んでいます。データの損失を防ぐために、ファイルを Unicode 形式で保存してください。
  (ソース ファイル 'main.cpp' をコンパイルしています)
  
C:\dxlib\DxLib.h(4917,1): warning C4819: ファイルは、現在のコード ページ (932) で表示できない文字を含んでいます。データの損失を防ぐために、ファイルを Unicode 形式で保存してください。
  (ソース ファイル 'main.cpp' をコンパイルしています)
  
C:\dxlib\DxLib.h(5069,1): warning C4819: ファイルは、現在のコード ページ (932) で表示できない文字を含んでいます。データの損失を防ぐために、ファイルを Unicode 形式で保存してください。
  (ソース ファイル 'main.cpp' をコンパイルしています)
  
C:\dxlib\DxLib.h(5258,1): warning C4819: ファイルは、現在のコード ページ (932) で表示できない文字を含んでいます。データの損失を防ぐために、ファイルを Unicode 形式で保存してください。
  (ソース ファイル 'main.cpp' をコンパイルしています)
  
C:\dxlib\DxLib.h(5396,1): warning C4819: ファイルは、現在のコード ページ (932) で表示できない文字を含んでいます。データの損失を防ぐために、ファイルを Unicode 形式で保存してください。
  (ソース ファイル 'main.cpp' をコンパイルしています)
  
C:\dxlib\DxLib.h(5581,1): warning C4819: ファイルは、現在のコード ページ (932) で表示できない文字を含んでいます。データの損失を防ぐために、ファイルを Unicode 形式で保存してください。
  (ソース ファイル 'main.cpp' をコンパイルしています)
  
  map.cpp
C:\dxlib\DxLib.h(1,1): warning C4819: ファイルは、現在のコード ページ (932) で表示できない文字を含んでいます。データの損失を防ぐために、ファイルを Unicode 形式で保存してください。
  (ソース ファイル 'map.cpp' をコンパイルしています)
  
C:\dxlib\DxCompileConfig.h(1,1): warning C4819: ファイルは、現在のコード ページ (932) で表示できない文字を含んでいます。データの損失を防ぐために、ファイルを Unicode 形式で保存してください。
  (ソース ファイル 'map.cpp' をコンパイルしています)
  
C:\dxlib\DxDataType.h(1,1): warning C4819: ファイルは、現在のコード ページ (932) で表示できない文字を含んでいます。データの損失を防ぐために、ファイルを Unicode 形式で保存してください。
  (ソース ファイル 'map.cpp' をコンパイルしています)
  
C:\dxlib\DxCompileConfig.h(1,1): warning C4819: ファイルは、現在のコード ページ (932) で表示できない文字を含んでいます。データの損失を防ぐために、ファイルを Unicode 形式で保存してください。
  (ソース ファイル 'map.cpp' をコンパイルしています)
  
C:\dxlib\DxDataTypeWin.h(1,1): warning C4819: ファイルは、現在のコード ページ (932) で表示できない文字を含んでいます。データの損失を防ぐために、ファイルを Unicode 形式で保存してください。
  (ソース ファイル 'map.cpp' をコンパイルしています)
  
C:\dxlib\DxCompileConfig.h(1,1): warning C4819: ファイルは、現在のコード ページ (932) で表示できない文字を含んでいます。データの損失を防ぐために、ファイルを Unicode 形式で保存してください。
  (ソース ファイル 'map.cpp' をコンパイルしています)
  
C:\dxlib\DxDataTypeWin.h(443,1): warning C4819: ファイルは、現在のコード ページ (932) で表示できない文字を含んでいます。データの損失を防ぐために、ファイルを Unicode 形式で保存してください。
  (ソース ファイル 'map.cpp' をコンパイルしています)
  
C:\dxlib\DxDataTypeWin.h(1089,1): warning C4819: ファイルは、現在のコード ページ (932) で表示できない文字を含んでいます。データの損失を防ぐために、ファイルを Unicode 形式で保存してください。
  (ソース ファイル 'map.cpp' をコンパイルしています)
  
C:\dxlib\DxLib.h(406,1): warning C4819: ファイルは、現在のコード ページ (932) で表示できない文字を含んでいます。データの損失を防ぐために、ファイルを Unicode 形式で保存してください。
  (ソース ファイル 'map.cpp' をコンパイルしています)
  
C:\dxlib\DxLib.h(803,1): warning C4819: ファイルは、現在のコード ページ (932) で表示できない文字を含んでいます。データの損失を防ぐために、ファイルを Unicode 形式で保存してください。
  (ソース ファイル 'map.cpp' をコンパイルしています)
  
C:\dxlib\DxLib.h(1328,1): warning C4819: ファイルは、現在のコード ページ (932) で表示できない文字を含んでいます。データの損失を防ぐために、ファイルを Unicode 形式で保存してください。
  (ソース ファイル 'map.cpp' をコンパイルしています)
  
C:\dxlib\DxLib.h(1842,1): warning C4819: ファイルは、現在のコード ページ (932) で表示できない文字を含んでいます。データの損失を防ぐために、ファイルを Unicode 形式で保存してください。
  (ソース ファイル 'map.cpp' をコンパイルしています)
  
C:\dxlib\DxFunctionWin.h(1,1): warning C4819: ファイルは、現在のコード ページ (932) で表示できない文字を含んでいます。データの損失を防ぐために、ファイルを Unicode 形式で保存してください。
  (ソース ファイル 'map.cpp' をコンパイルしています)
  
C:\dxlib\DxFunctionWin.h(155,1): warning C4819: ファイルは、現在のコード ページ (932) で表示できない文字を含んでいます。データの損失を防ぐために、ファイルを Unicode 形式で保存してください。
  (ソース ファイル 'map.cpp' をコンパイルしています)
  
C:\dxlib\DxFunctionWin.h(337,1): warning C4819: ファイルは、現在のコード ページ (932) で表示できない文字を含んでいます。データの損失を防ぐために、ファイルを Unicode 形式で保存してください。
  (ソース ファイル 'map.cpp' をコンパイルしています)
  
C:\dxlib\DxLib.h(2183,1): warning C4819: ファイルは、現在のコード ページ (932) で表示できない文字を含んでいます。データの損失を防ぐために、ファイルを Unicode 形式で保存してください。
  (ソース ファイル 'map.cpp' をコンパイルしています)
  
C:\dxlib\DxLib.h(2377,1): warning C4819: ファイルは、現在のコード ページ (932) で表示できない文字を含んでいます。データの損失を防ぐために、ファイルを Unicode 形式で保存してください。
  (ソース ファイル 'map.cpp' をコンパイルしています)
  
C:\dxlib\DxLib.h(2572,1): warning C4819: ファイルは、現在のコード ページ (932) で表示できない文字を含んでいます。データの損失を防ぐために、ファイルを Unicode 形式で保存してください。
  (ソース ファイル 'map.cpp' をコンパイルしています)
  
C:\dxlib\DxLib.h(2716,1): warning C4819: ファイルは、現在のコード ページ (932) で表示できない文字を含んでいます。データの損失を防ぐために、ファイルを Unicode 形式で保存してください。
  (ソース ファイル 'map.cpp' をコンパイルしています)
  
C:\dxlib\DxLib.h(2821,1): warning C4819: ファイルは、現在のコード ページ (932) で表示できない文字を含んでいます。データの損失を防ぐために、ファイルを Unicode 形式で保存してください。
  (ソース ファイル 'map.cpp' をコンパイルしています)
  
C:\dxlib\DxLib.h(2954,1): warning C4819: ファイルは、現在のコード ページ (932) で表示できない文字を含んでいます。データの損失を防ぐために、ファイルを Unicode 形式で保存してください。
  (ソース ファイル 'map.cpp' をコンパイルしています)
  
C:\dxlib\DxLib.h(3064,1): warning C4819: ファイルは、現在のコード ページ (932) で表示できない文字を含んでいます。データの損失を防ぐために、ファイルを Unicode 形式で保存してください。
  (ソース ファイル 'map.cpp' をコンパイルしています)
  
C:\dxlib\DxLib.h(3242,1): warning C4819: ファイルは、現在のコード ページ (932) で表示できない文字を含んでいます。データの損失を防ぐために、ファイルを Unicode 形式で保存してください。
  (ソース ファイル 'map.cpp' をコンパイルしています)
  
C:\dxlib\DxLib.h(3381,1): warning C4819: ファイルは、現在のコード ページ (932) で表示できない文字を含んでいます。データの損失を防ぐために、ファイルを Unicode 形式で保存してください。
  (ソース ファイル 'map.cpp' をコンパイルしています)
  
C:\dxlib\DxLib.h(3544,1): warning C4819: ファイルは、現在のコード ページ (932) で表示できない文字を含んでいます。データの損失を防ぐために、ファイルを Unicode 形式で保存してください。
  (ソース ファイル 'map.cpp' をコンパイルしています)
  
C:\dxlib\DxLib.h(3735,1): warning C4819: ファイルは、現在のコード ページ (932) で表示できない文字を含んでいます。データの損失を防ぐために、ファイルを Unicode 形式で保存してください。
  (ソース ファイル 'map.cpp' をコンパイルしています)
  
C:\dxlib\DxLib.h(3844,1): warning C4819: ファイルは、現在のコード ページ (932) で表示できない文字を含んでいます。データの損失を防ぐために、ファイルを Unicode 形式で保存してください。
  (ソース ファイル 'map.cpp' をコンパイルしています)
  
C:\dxlib\DxLib.h(3931,1): warning C4819: ファイルは、現在のコード ページ (932) で表示できない文字を含んでいます。データの損失を防ぐために、ファイルを Unicode 形式で保存してください。
  (ソース ファイル 'map.cpp' をコンパイルしています)
  
C:\dxlib\DxLib.h(4080,1): warning C4819: ファイルは、現在のコード ページ (932) で表示できない文字を含んでいます。データの損失を防ぐために、ファイルを Unicode 形式で保存してください。
  (ソース ファイル 'map.cpp' をコンパイルしています)
  
C:\dxlib\DxLib.h(4586,1): warning C4819: ファイルは、現在のコード ページ (932) で表示できない文字を含んでいます。データの損失を防ぐために、ファイルを Unicode 形式で保存してください。
  (ソース ファイル 'map.cpp' をコンパイルしています)
  
C:\dxlib\DxLib.h(4750,1): warning C4819: ファイルは、現在のコード ページ (932) で表示できない文字を含んでいます。データの損失を防ぐために、ファイルを Unicode 形式で保存してください。
  (ソース ファイル 'map.cpp' をコンパイルしています)
  
C:\dxlib\DxLib.h(4917,1): warning C4819: ファイルは、現在のコード ページ (932) で表示できない文字を含んでいます。データの損失を防ぐために、ファイルを Unicode 形式で保存してください。
  (ソース ファイル 'map.cpp' をコンパイルしています)
  
C:\dxlib\DxLib.h(5069,1): warning C4819: ファイルは、現在のコード ページ (932) で表示できない文字を含んでいます。データの損失を防ぐために、ファイルを Unicode 形式で保存してください。
  (ソース ファイル 'map.cpp' をコンパイルしています)
  
C:\dxlib\DxLib.h(5258,1): warning C4819: ファイルは、現在のコード ページ (932) で表示できない文字を含んでいます。データの損失を防ぐために、ファイルを Unicode 形式で保存してください。
  (ソース ファイル 'map.cpp' をコンパイルしています)
  
C:\dxlib\DxLib.h(5396,1): warning C4819: ファイルは、現在のコード ページ (932) で表示できない文字を含んでいます。データの損失を防ぐために、ファイルを Unicode 形式で保存してください。
  (ソース ファイル 'map.cpp' をコンパイルしています)
  
C:\dxlib\DxLib.h(5581,1): warning C4819: ファイルは、現在のコード ページ (932) で表示できない文字を含んでいます。データの損失を防ぐために、ファイルを Unicode 形式で保存してください。
  (ソース ファイル 'map.cpp' をコンパイルしています)
  
C:\Users\GA2A\Desktop\fami\famicon\famicon\map.cpp(42,16): warning C4267: '初期化中': 'size_t' から 'int' に変換しました。データが失われているかもしれません。
C:\Users\GA2A\Desktop\fami\famicon\famicon\map.cpp(58,21): warning C4838: 'int' から 'float' への変換には縮小変換が必要です
C:\Users\GA2A\Desktop\fami\famicon\famicon\map.cpp(58,21): warning C4244: '初期化中': 'int' から 'float' への変換です。データが失われる可能性があります。
C:\Users\GA2A\Desktop\fami\famicon\famicon\map.cpp(58,37): warning C4838: 'int' から 'float' への変換には縮小変換が必要です
C:\Users\GA2A\Desktop\fami\famicon\famicon\map.cpp(58,37): warning C4244: '初期化中': 'int' から 'float' への変換です。データが失われる可能性があります。
  pipe.cpp
C:\dxlib\DxLib.h(1,1): warning C4819: ファイルは、現在のコード ページ (932) で表示できない文字を含んでいます。データの損失を防ぐために、ファイルを Unicode 形式で保存してください。
  (ソース ファイル 'pipe.cpp' をコンパイルしています)
  
C:\dxlib\DxCompileConfig.h(1,1): warning C4819: ファイルは、現在のコード ページ (932) で表示できない文字を含んでいます。データの損失を防ぐために、ファイルを Unicode 形式で保存してください。
  (ソース ファイル 'pipe.cpp' をコンパイルしています)
  
C:\dxlib\DxDataType.h(1,1): warning C4819: ファイルは、現在のコード ページ (932) で表示できない文字を含んでいます。データの損失を防ぐために、ファイルを Unicode 形式で保存してください。
  (ソース ファイル 'pipe.cpp' をコンパイルしています)
  
C:\dxlib\DxCompileConfig.h(1,1): warning C4819: ファイルは、現在のコード ページ (932) で表示できない文字を含んでいます。データの損失を防ぐために、ファイルを Unicode 形式で保存してください。
  (ソース ファイル 'pipe.cpp' をコンパイルしています)
  
C:\dxlib\DxDataTypeWin.h(1,1): warning C4819: ファイルは、現在のコード ページ (932) で表示できない文字を含んでいます。データの損失を防ぐために、ファイルを Unicode 形式で保存してください。
  (ソース ファイル 'pipe.cpp' をコンパイルしています)
  
C:\dxlib\DxCompileConfig.h(1,1): warning C4819: ファイルは、現在のコード ページ (932) で表示できない文字を含んでいます。データの損失を防ぐために、ファイルを Unicode 形式で保存してください。
  (ソース ファイル 'pipe.cpp' をコンパイルしています)
  
C:\dxlib\DxDataTypeWin.h(443,1): warning C4819: ファイルは、現在のコード ページ (932) で表示できない文字を含んでいます。データの損失を防ぐために、ファイルを Unicode 形式で保存してください。
  (ソース ファイル 'pipe.cpp' をコンパイルしています)
  
C:\dxlib\DxDataTypeWin.h(1089,1): warning C4819: ファイルは、現在のコード ページ (932) で表示できない文字を含んでいます。データの損失を防ぐために、ファイルを Unicode 形式で保存してください。
  (ソース ファイル 'pipe.cpp' をコンパイルしています)
  
C:\dxlib\DxLib.h(406,1): warning C4819: ファイルは、現在のコード ページ (932) で表示できない文字を含んでいます。データの損失を防ぐために、ファイルを Unicode 形式で保存してください。
  (ソース ファイル 'pipe.cpp' をコンパイルしています)
  
C:\dxlib\DxLib.h(803,1): warning C4819: ファイルは、現在のコード ページ (932) で表示できない文字を含んでいます。データの損失を防ぐために、ファイルを Unicode 形式で保存してください。
  (ソース ファイル 'pipe.cpp' をコンパイルしています)
  
C:\dxlib\DxLib.h(1328,1): warning C4819: ファイルは、現在のコード ページ (932) で表示できない文字を含んでいます。データの損失を防ぐために、ファイルを Unicode 形式で保存してください。
  (ソース ファイル 'pipe.cpp' をコンパイルしています)
  
C:\dxlib\DxLib.h(1842,1): warning C4819: ファイルは、現在のコード ページ (932) で表示できない文字を含んでいます。データの損失を防ぐために、ファイルを Unicode 形式で保存してください。
  (ソース ファイル 'pipe.cpp' をコンパイルしています)
  
C:\dxlib\DxFunctionWin.h(1,1): warning C4819: ファイルは、現在のコード ページ (932) で表示できない文字を含んでいます。データの損失を防ぐために、ファイルを Unicode 形式で保存してください。
  (ソース ファイル 'pipe.cpp' をコンパイルしています)
  
C:\dxlib\DxFunctionWin.h(155,1): warning C4819: ファイルは、現在のコード ページ (932) で表示できない文字を含んでいます。データの損失を防ぐために、ファイルを Unicode 形式で保存してください。
  (ソース ファイル 'pipe.cpp' をコンパイルしています)
  
C:\dxlib\DxFunctionWin.h(337,1): warning C4819: ファイルは、現在のコード ページ (932) で表示できない文字を含んでいます。データの損失を防ぐために、ファイルを Unicode 形式で保存してください。
  (ソース ファイル 'pipe.cpp' をコンパイルしています)
  
C:\dxlib\DxLib.h(2183,1): warning C4819: ファイルは、現在のコード ページ (932) で表示できない文字を含んでいます。データの損失を防ぐために、ファイルを Unicode 形式で保存してください。
  (ソース ファイル 'pipe.cpp' をコンパイルしています)
  
C:\dxlib\DxLib.h(2377,1): warning C4819: ファイルは、現在のコード ページ (932) で表示できない文字を含んでいます。データの損失を防ぐために、ファイルを Unicode 形式で保存してください。
  (ソース ファイル 'pipe.cpp' をコンパイルしています)
  
C:\dxlib\DxLib.h(2572,1): warning C4819: ファイルは、現在のコード ページ (932) で表示できない文字を含んでいます。データの損失を防ぐために、ファイルを Unicode 形式で保存してください。
  (ソース ファイル 'pipe.cpp' をコンパイルしています)
  
C:\dxlib\DxLib.h(2716,1): warning C4819: ファイルは、現在のコード ページ (932) で表示できない文字を含んでいます。データの損失を防ぐために、ファイルを Unicode 形式で保存してください。
  (ソース ファイル 'pipe.cpp' をコンパイルしています)
  
C:\dxlib\DxLib.h(2821,1): warning C4819: ファイルは、現在のコード ページ (932) で表示できない文字を含んでいます。データの損失を防ぐために、ファイルを Unicode 形式で保存してください。
  (ソース ファイル 'pipe.cpp' をコンパイルしています)
  
C:\dxlib\DxLib.h(2954,1): warning C4819: ファイルは、現在のコード ページ (932) で表示できない文字を含んでいます。データの損失を防ぐために、ファイルを Unicode 形式で保存してください。
  (ソース ファイル 'pipe.cpp' をコンパイルしています)
  
C:\dxlib\DxLib.h(3064,1): warning C4819: ファイルは、現在のコード ページ (932) で表示できない文字を含んでいます。データの損失を防ぐために、ファイルを Unicode 形式で保存してください。
  (ソース ファイル 'pipe.cpp' をコンパイルしています)
  
C:\dxlib\DxLib.h(3242,1): warning C4819: ファイルは、現在のコード ページ (932) で表示できない文字を含んでいます。データの損失を防ぐために、ファイルを Unicode 形式で保存してください。
  (ソース ファイル 'pipe.cpp' をコンパイルしています)
  
C:\dxlib\DxLib.h(3381,1): warning C4819: ファイルは、現在のコード ページ (932) で表示できない文字を含んでいます。データの損失を防ぐために、ファイルを Unicode 形式で保存してください。
  (ソース ファイル 'pipe.cpp' をコンパイルしています)
  
C:\dxlib\DxLib.h(3544,1): warning C4819: ファイルは、現在のコード ページ (932) で表示できない文字を含んでいます。データの損失を防ぐために、ファイルを Unicode 形式で保存してください。
  (ソース ファイル 'pipe.cpp' をコンパイルしています)
  
C:\dxlib\DxLib.h(3735,1): warning C4819: ファイルは、現在のコード ページ (932) で表示できない文字を含んでいます。データの損失を防ぐために、ファイルを Unicode 形式で保存してください。
  (ソース ファイル 'pipe.cpp' をコンパイルしています)
  
C:\dxlib\DxLib.h(3844,1): warning C4819: ファイルは、現在のコード ページ (932) で表示できない文字を含んでいます。データの損失を防ぐために、ファイルを Unicode 形式で保存してください。
  (ソース ファイル 'pipe.cpp' をコンパイルしています)
  
C:\dxlib\DxLib.h(3931,1): warning C4819: ファイルは、現在のコード ページ (932) で表示できない文字を含んでいます。データの損失を防ぐために、ファイルを Unicode 形式で保存してください。
  (ソース ファイル 'pipe.cpp' をコンパイルしています)
  
C:\dxlib\DxLib.h(4080,1): warning C4819: ファイルは、現在のコード ページ (932) で表示できない文字を含んでいます。データの損失を防ぐために、ファイルを Unicode 形式で保存してください。
  (ソース ファイル 'pipe.cpp' をコンパイルしています)
  
C:\dxlib\DxLib.h(4586,1): warning C4819: ファイルは、現在のコード ページ (932) で表示できない文字を含んでいます。データの損失を防ぐために、ファイルを Unicode 形式で保存してください。
  (ソース ファイル 'pipe.cpp' をコンパイルしています)
  
C:\dxlib\DxLib.h(4750,1): warning C4819: ファイルは、現在のコード ページ (932) で表示できない文字を含んでいます。データの損失を防ぐために、ファイルを Unicode 形式で保存してください。
  (ソース ファイル 'pipe.cpp' をコンパイルしています)
  
C:\dxlib\DxLib.h(4917,1): warning C4819: ファイルは、現在のコード ページ (932) で表示できない文字を含んでいます。データの損失を防ぐために、ファイルを Unicode 形式で保存してください。
  (ソース ファイル 'pipe.cpp' をコンパイルしています)
  
C:\dxlib\DxLib.h(5069,1): warning C4819: ファイルは、現在のコード ページ (932) で表示できない文字を含んでいます。データの損失を防ぐために、ファイルを Unicode 形式で保存してください。
  (ソース ファイル 'pipe.cpp' をコンパイルしています)
  
C:\dxlib\DxLib.h(5258,1): warning C4819: ファイルは、現在のコード ページ (932) で表示できない文字を含んでいます。データの損失を防ぐために、ファイルを Unicode 形式で保存してください。
  (ソース ファイル 'pipe.cpp' をコンパイルしています)
  
C:\dxlib\DxLib.h(5396,1): warning C4819: ファイルは、現在のコード ページ (932) で表示できない文字を含んでいます。データの損失を防ぐために、ファイルを Unicode 形式で保存してください。
  (ソース ファイル 'pipe.cpp' をコンパイルしています)
  
C:\dxlib\DxLib.h(5581,1): warning C4819: ファイルは、現在のコード ページ (932) で表示できない文字を含んでいます。データの損失を防ぐために、ファイルを Unicode 形式で保存してください。
  (ソース ファイル 'pipe.cpp' をコンパイルしています)
  
C:\Users\GA2A\Desktop\fami\famicon\famicon\pipe.cpp(70,27): warning C4244: '引数': 'float' から 'int' への変換です。データが失われる可能性があります。
C:\Users\GA2A\Desktop\fami\famicon\famicon\pipe.cpp(70,20): warning C4244: '引数': 'float' から 'int' への変換です。データが失われる可能性があります。
C:\Users\GA2A\Desktop\fami\famicon\famicon\pipe.cpp(74,27): warning C4244: '引数': 'float' から 'int' への変換です。データが失われる可能性があります。
C:\Users\GA2A\Desktop\fami\famicon\famicon\pipe.cpp(74,20): warning C4244: '引数': 'float' から 'int' への変換です。データが失われる可能性があります。
  player.cpp
C:\dxlib\DxLib.h(1,1): warning C4819: ファイルは、現在のコード ページ (932) で表示できない文字を含んでいます。データの損失を防ぐために、ファイルを Unicode 形式で保存してください。
  (ソース ファイル 'player.cpp' をコンパイルしています)
  
C:\dxlib\DxCompileConfig.h(1,1): warning C4819: ファイルは、現在のコード ページ (932) で表示できない文字を含んでいます。データの損失を防ぐために、ファイルを Unicode 形式で保存してください。
  (ソース ファイル 'player.cpp' をコンパイルしています)
  
C:\dxlib\DxDataType.h(1,1): warning C4819: ファイルは、現在のコード ページ (932) で表示できない文字を含んでいます。データの損失を防ぐために、ファイルを Unicode 形式で保存してください。
  (ソース ファイル 'player.cpp' をコンパイルしています)
  
C:\dxlib\DxCompileConfig.h(1,1): warning C4819: ファイルは、現在のコード ページ (932) で表示できない文字を含んでいます。データの損失を防ぐために、ファイルを Unicode 形式で保存してください。
  (ソース ファイル 'player.cpp' をコンパイルしています)
  
C:\dxlib\DxDataTypeWin.h(1,1): warning C4819: ファイルは、現在のコード ページ (932) で表示できない文字を含んでいます。データの損失を防ぐために、ファイルを Unicode 形式で保存してください。
  (ソース ファイル 'player.cpp' をコンパイルしています)
  
C:\dxlib\DxCompileConfig.h(1,1): warning C4819: ファイルは、現在のコード ページ (932) で表示できない文字を含んでいます。データの損失を防ぐために、ファイルを Unicode 形式で保存してください。
  (ソース ファイル 'player.cpp' をコンパイルしています)
  
C:\dxlib\DxDataTypeWin.h(443,1): warning C4819: ファイルは、現在のコード ページ (932) で表示できない文字を含んでいます。データの損失を防ぐために、ファイルを Unicode 形式で保存してください。
  (ソース ファイル 'player.cpp' をコンパイルしています)
  
C:\dxlib\DxDataTypeWin.h(1089,1): warning C4819: ファイルは、現在のコード ページ (932) で表示できない文字を含んでいます。データの損失を防ぐために、ファイルを Unicode 形式で保存してください。
  (ソース ファイル 'player.cpp' をコンパイルしています)
  
C:\dxlib\DxLib.h(406,1): warning C4819: ファイルは、現在のコード ページ (932) で表示できない文字を含んでいます。データの損失を防ぐために、ファイルを Unicode 形式で保存してください。
  (ソース ファイル 'player.cpp' をコンパイルしています)
  
C:\dxlib\DxLib.h(803,1): warning C4819: ファイルは、現在のコード ページ (932) で表示できない文字を含んでいます。データの損失を防ぐために、ファイルを Unicode 形式で保存してください。
  (ソース ファイル 'player.cpp' をコンパイルしています)
  
C:\dxlib\DxLib.h(1328,1): warning C4819: ファイルは、現在のコード ページ (932) で表示できない文字を含んでいます。データの損失を防ぐために、ファイルを Unicode 形式で保存してください。
  (ソース ファイル 'player.cpp' をコンパイルしています)
  
C:\dxlib\DxLib.h(1842,1): warning C4819: ファイルは、現在のコード ページ (932) で表示できない文字を含んでいます。データの損失を防ぐために、ファイルを Unicode 形式で保存してください。
  (ソース ファイル 'player.cpp' をコンパイルしています)
  
C:\dxlib\DxFunctionWin.h(1,1): warning C4819: ファイルは、現在のコード ページ (932) で表示できない文字を含んでいます。データの損失を防ぐために、ファイルを Unicode 形式で保存してください。
  (ソース ファイル 'player.cpp' をコンパイルしています)
  
C:\dxlib\DxFunctionWin.h(155,1): warning C4819: ファイルは、現在のコード ページ (932) で表示できない文字を含んでいます。データの損失を防ぐために、ファイルを Unicode 形式で保存してください。
  (ソース ファイル 'player.cpp' をコンパイルしています)
  
C:\dxlib\DxFunctionWin.h(337,1): warning C4819: ファイルは、現在のコード ページ (932) で表示できない文字を含んでいます。データの損失を防ぐために、ファイルを Unicode 形式で保存してください。
  (ソース ファイル 'player.cpp' をコンパイルしています)
  
C:\dxlib\DxLib.h(2183,1): warning C4819: ファイルは、現在のコード ページ (932) で表示できない文字を含んでいます。データの損失を防ぐために、ファイルを Unicode 形式で保存してください。
  (ソース ファイル 'player.cpp' をコンパイルしています)
  
C:\dxlib\DxLib.h(2377,1): warning C4819: ファイルは、現在のコード ページ (932) で表示できない文字を含んでいます。データの損失を防ぐために、ファイルを Unicode 形式で保存してください。
  (ソース ファイル 'player.cpp' をコンパイルしています)
  
C:\dxlib\DxLib.h(2572,1): warning C4819: ファイルは、現在のコード ページ (932) で表示できない文字を含んでいます。データの損失を防ぐために、ファイルを Unicode 形式で保存してください。
  (ソース ファイル 'player.cpp' をコンパイルしています)
  
C:\dxlib\DxLib.h(2716,1): warning C4819: ファイルは、現在のコード ページ (932) で表示できない文字を含んでいます。データの損失を防ぐために、ファイルを Unicode 形式で保存してください。
  (ソース ファイル 'player.cpp' をコンパイルしています)
  
C:\dxlib\DxLib.h(2821,1): warning C4819: ファイルは、現在のコード ページ (932) で表示できない文字を含んでいます。データの損失を防ぐために、ファイルを Unicode 形式で保存してください。
  (ソース ファイル 'player.cpp' をコンパイルしています)
  
C:\dxlib\DxLib.h(2954,1): warning C4819: ファイルは、現在のコード ページ (932) で表示できない文字を含んでいます。データの損失を防ぐために、ファイルを Unicode 形式で保存してください。
  (ソース ファイル 'player.cpp' をコンパイルしています)
  
C:\dxlib\DxLib.h(3064,1): warning C4819: ファイルは、現在のコード ページ (932) で表示できない文字を含んでいます。データの損失を防ぐために、ファイルを Unicode 形式で保存してください。
  (ソース ファイル 'player.cpp' をコンパイルしています)
  
C:\dxlib\DxLib.h(3242,1): warning C4819: ファイルは、現在のコード ページ (932) で表示できない文字を含んでいます。データの損失を防ぐために、ファイルを Unicode 形式で保存してください。
  (ソース ファイル 'player.cpp' をコンパイルしています)
  
C:\dxlib\DxLib.h(3381,1): warning C4819: ファイルは、現在のコード ページ (932) で表示できない文字を含んでいます。データの損失を防ぐために、ファイルを Unicode 形式で保存してください。
  (ソース ファイル 'player.cpp' をコンパイルしています)
  
C:\dxlib\DxLib.h(3544,1): warning C4819: ファイルは、現在のコード ページ (932) で表示できない文字を含んでいます。データの損失を防ぐために、ファイルを Unicode 形式で保存してください。
  (ソース ファイル 'player.cpp' をコンパイルしています)
  
C:\dxlib\DxLib.h(3735,1): warning C4819: ファイルは、現在のコード ページ (932) で表示できない文字を含んでいます。データの損失を防ぐために、ファイルを Unicode 形式で保存してください。
  (ソース ファイル 'player.cpp' をコンパイルしています)
  
C:\dxlib\DxLib.h(3844,1): warning C4819: ファイルは、現在のコード ページ (932) で表示できない文字を含んでいます。データの損失を防ぐために、ファイルを Unicode 形式で保存してください。
  (ソース ファイル 'player.cpp' をコンパイルしています)
  
C:\dxlib\DxLib.h(3931,1): warning C4819: ファイルは、現在のコード ページ (932) で表示できない文字を含んでいます。データの損失を防ぐために、ファイルを Unicode 形式で保存してください。
  (ソース ファイル 'player.cpp' をコンパイルしています)
  
C:\dxlib\DxLib.h(4080,1): warning C4819: ファイルは、現在のコード ページ (932) で表示できない文字を含んでいます。データの損失を防ぐために、ファイルを Unicode 形式で保存してください。
  (ソース ファイル 'player.cpp' をコンパイルしています)
  
C:\dxlib\DxLib.h(4586,1): warning C4819: ファイルは、現在のコード ページ (932) で表示できない文字を含んでいます。データの損失を防ぐために、ファイルを Unicode 形式で保存してください。
  (ソース ファイル 'player.cpp' をコンパイルしています)
  
C:\dxlib\DxLib.h(4750,1): warning C4819: ファイルは、現在のコード ページ (932) で表示できない文字を含んでいます。データの損失を防ぐために、ファイルを Unicode 形式で保存してください。
  (ソース ファイル 'player.cpp' をコンパイルしています)
  
C:\dxlib\DxLib.h(4917,1): warning C4819: ファイルは、現在のコード ページ (932) で表示できない文字を含んでいます。データの損失を防ぐために、ファイルを Unicode 形式で保存してください。
  (ソース ファイル 'player.cpp' をコンパイルしています)
  
C:\dxlib\DxLib.h(5069,1): warning C4819: ファイルは、現在のコード ページ (932) で表示できない文字を含んでいます。データの損失を防ぐために、ファイルを Unicode 形式で保存してください。
  (ソース ファイル 'player.cpp' をコンパイルしています)
  
C:\dxlib\DxLib.h(5258,1): warning C4819: ファイルは、現在のコード ページ (932) で表示できない文字を含んでいます。データの損失を防ぐために、ファイルを Unicode 形式で保存してください。
  (ソース ファイル 'player.cpp' をコンパイルしています)
  
C:\dxlib\DxLib.h(5396,1): warning C4819: ファイルは、現在のコード ページ (932) で表示できない文字を含んでいます。データの損失を防ぐために、ファイルを Unicode 形式で保存してください。
  (ソース ファイル 'player.cpp' をコンパイルしています)
  
C:\dxlib\DxLib.h(5581,1): warning C4819: ファイルは、現在のコード ページ (932) で表示できない文字を含んでいます。データの損失を防ぐために、ファイルを Unicode 形式で保存してください。
  (ソース ファイル 'player.cpp' をコンパイルしています)
  
C:\Users\GA2A\Desktop\fami\famicon\famicon\player.cpp(229,11): warning C4244: '=': 'int' から 'float' への変換です。データが失われる可能性があります。
C:\Users\GA2A\Desktop\fami\famicon\famicon\player.cpp(285,26): warning C4244: '=': 'int' から 'float' への変換です。データが失われる可能性があります。
C:\Users\GA2A\Desktop\fami\famicon\famicon\player.cpp(304,13): warning C4244: '=': 'int' から 'float' への変換です。データが失われる可能性があります。
C:\Users\GA2A\Desktop\fami\famicon\famicon\player.cpp(335,27): warning C4244: '引数': 'float' から 'int' への変換です。データが失われる可能性があります。
C:\Users\GA2A\Desktop\fami\famicon\famicon\player.cpp(335,20): warning C4244: '引数': 'float' から 'int' への変換です。データが失われる可能性があります。
C:\Users\GA2A\Desktop\fami\famicon\famicon\player.cpp(337,27): warning C4244: '引数': 'float' から 'int' への変換です。データが失われる可能性があります。
C:\Users\GA2A\Desktop\fami\famicon\famicon\player.cpp(337,20): warning C4244: '引数': 'float' から 'int' への変換です。データが失われる可能性があります。
C:\Users\GA2A\Desktop\fami\famicon\famicon\player.cpp(341,26): warning C4244: '引数': 'float' から 'int' への変換です。データが失われる可能性があります。
C:\Users\GA2A\Desktop\fami\famicon\famicon\player.cpp(341,16): warning C4244: '引数': 'float' から 'int' への変換です。データが失われる可能性があります。
  pow.cpp
C:\dxlib\DxLib.h(1,1): warning C4819: ファイルは、現在のコード ページ (932) で表示できない文字を含んでいます。データの損失を防ぐために、ファイルを Unicode 形式で保存してください。
  (ソース ファイル 'pow.cpp' をコンパイルしています)
  
C:\dxlib\DxCompileConfig.h(1,1): warning C4819: ファイルは、現在のコード ページ (932) で表示できない文字を含んでいます。データの損失を防ぐために、ファイルを Unicode 形式で保存してください。
  (ソース ファイル 'pow.cpp' をコンパイルしています)
  
C:\dxlib\DxDataType.h(1,1): warning C4819: ファイルは、現在のコード ページ (932) で表示できない文字を含んでいます。データの損失を防ぐために、ファイルを Unicode 形式で保存してください。
  (ソース ファイル 'pow.cpp' をコンパイルしています)
  
C:\dxlib\DxCompileConfig.h(1,1): warning C4819: ファイルは、現在のコード ページ (932) で表示できない文字を含んでいます。データの損失を防ぐために、ファイルを Unicode 形式で保存してください。
  (ソース ファイル 'pow.cpp' をコンパイルしています)
  
C:\dxlib\DxDataTypeWin.h(1,1): warning C4819: ファイルは、現在のコード ページ (932) で表示できない文字を含んでいます。データの損失を防ぐために、ファイルを Unicode 形式で保存してください。
  (ソース ファイル 'pow.cpp' をコンパイルしています)
  
C:\dxlib\DxCompileConfig.h(1,1): warning C4819: ファイルは、現在のコード ページ (932) で表示できない文字を含んでいます。データの損失を防ぐために、ファイルを Unicode 形式で保存してください。
  (ソース ファイル 'pow.cpp' をコンパイルしています)
  
C:\dxlib\DxDataTypeWin.h(443,1): warning C4819: ファイルは、現在のコード ページ (932) で表示できない文字を含んでいます。データの損失を防ぐために、ファイルを Unicode 形式で保存してください。
  (ソース ファイル 'pow.cpp' をコンパイルしています)
  
C:\dxlib\DxDataTypeWin.h(1089,1): warning C4819: ファイルは、現在のコード ページ (932) で表示できない文字を含んでいます。データの損失を防ぐために、ファイルを Unicode 形式で保存してください。
  (ソース ファイル 'pow.cpp' をコンパイルしています)
  
C:\dxlib\DxLib.h(406,1): warning C4819: ファイルは、現在のコード ページ (932) で表示できない文字を含んでいます。データの損失を防ぐために、ファイルを Unicode 形式で保存してください。
  (ソース ファイル 'pow.cpp' をコンパイルしています)
  
C:\dxlib\DxLib.h(803,1): warning C4819: ファイルは、現在のコード ページ (932) で表示できない文字を含んでいます。データの損失を防ぐために、ファイルを Unicode 形式で保存してください。
  (ソース ファイル 'pow.cpp' をコンパイルしています)
  
C:\dxlib\DxLib.h(1328,1): warning C4819: ファイルは、現在のコード ページ (932) で表示できない文字を含んでいます。データの損失を防ぐために、ファイルを Unicode 形式で保存してください。
  (ソース ファイル 'pow.cpp' をコンパイルしています)
  
C:\dxlib\DxLib.h(1842,1): warning C4819: ファイルは、現在のコード ページ (932) で表示できない文字を含んでいます。データの損失を防ぐために、ファイルを Unicode 形式で保存してください。
  (ソース ファイル 'pow.cpp' をコンパイルしています)
  
C:\dxlib\DxFunctionWin.h(1,1): warning C4819: ファイルは、現在のコード ページ (932) で表示できない文字を含んでいます。データの損失を防ぐために、ファイルを Unicode 形式で保存してください。
  (ソース ファイル 'pow.cpp' をコンパイルしています)
  
C:\dxlib\DxFunctionWin.h(155,1): warning C4819: ファイルは、現在のコード ページ (932) で表示できない文字を含んでいます。データの損失を防ぐために、ファイルを Unicode 形式で保存してください。
  (ソース ファイル 'pow.cpp' をコンパイルしています)
  
C:\dxlib\DxFunctionWin.h(337,1): warning C4819: ファイルは、現在のコード ページ (932) で表示できない文字を含んでいます。データの損失を防ぐために、ファイルを Unicode 形式で保存してください。
  (ソース ファイル 'pow.cpp' をコンパイルしています)
  
C:\dxlib\DxLib.h(2183,1): warning C4819: ファイルは、現在のコード ページ (932) で表示できない文字を含んでいます。データの損失を防ぐために、ファイルを Unicode 形式で保存してください。
  (ソース ファイル 'pow.cpp' をコンパイルしています)
  
C:\dxlib\DxLib.h(2377,1): warning C4819: ファイルは、現在のコード ページ (932) で表示できない文字を含んでいます。データの損失を防ぐために、ファイルを Unicode 形式で保存してください。
  (ソース ファイル 'pow.cpp' をコンパイルしています)
  
C:\dxlib\DxLib.h(2572,1): warning C4819: ファイルは、現在のコード ページ (932) で表示できない文字を含んでいます。データの損失を防ぐために、ファイルを Unicode 形式で保存してください。
  (ソース ファイル 'pow.cpp' をコンパイルしています)
  
C:\dxlib\DxLib.h(2716,1): warning C4819: ファイルは、現在のコード ページ (932) で表示できない文字を含んでいます。データの損失を防ぐために、ファイルを Unicode 形式で保存してください。
  (ソース ファイル 'pow.cpp' をコンパイルしています)
  
C:\dxlib\DxLib.h(2821,1): warning C4819: ファイルは、現在のコード ページ (932) で表示できない文字を含んでいます。データの損失を防ぐために、ファイルを Unicode 形式で保存してください。
  (ソース ファイル 'pow.cpp' をコンパイルしています)
  
C:\dxlib\DxLib.h(2954,1): warning C4819: ファイルは、現在のコード ページ (932) で表示できない文字を含んでいます。データの損失を防ぐために、ファイルを Unicode 形式で保存してください。
  (ソース ファイル 'pow.cpp' をコンパイルしています)
  
C:\dxlib\DxLib.h(3064,1): warning C4819: ファイルは、現在のコード ページ (932) で表示できない文字を含んでいます。データの損失を防ぐために、ファイルを Unicode 形式で保存してください。
  (ソース ファイル 'pow.cpp' をコンパイルしています)
  
C:\dxlib\DxLib.h(3242,1): warning C4819: ファイルは、現在のコード ページ (932) で表示できない文字を含んでいます。データの損失を防ぐために、ファイルを Unicode 形式で保存してください。
  (ソース ファイル 'pow.cpp' をコンパイルしています)
  
C:\dxlib\DxLib.h(3381,1): warning C4819: ファイルは、現在のコード ページ (932) で表示できない文字を含んでいます。データの損失を防ぐために、ファイルを Unicode 形式で保存してください。
  (ソース ファイル 'pow.cpp' をコンパイルしています)
  
C:\dxlib\DxLib.h(3544,1): warning C4819: ファイルは、現在のコード ページ (932) で表示できない文字を含んでいます。データの損失を防ぐために、ファイルを Unicode 形式で保存してください。
  (ソース ファイル 'pow.cpp' をコンパイルしています)
  
C:\dxlib\DxLib.h(3735,1): warning C4819: ファイルは、現在のコード ページ (932) で表示できない文字を含んでいます。データの損失を防ぐために、ファイルを Unicode 形式で保存してください。
  (ソース ファイル 'pow.cpp' をコンパイルしています)
  
C:\dxlib\DxLib.h(3844,1): warning C4819: ファイルは、現在のコード ページ (932) で表示できない文字を含んでいます。データの損失を防ぐために、ファイルを Unicode 形式で保存してください。
  (ソース ファイル 'pow.cpp' をコンパイルしています)
  
C:\dxlib\DxLib.h(3931,1): warning C4819: ファイルは、現在のコード ページ (932) で表示できない文字を含んでいます。データの損失を防ぐために、ファイルを Unicode 形式で保存してください。
  (ソース ファイル 'pow.cpp' をコンパイルしています)
  
C:\dxlib\DxLib.h(4080,1): warning C4819: ファイルは、現在のコード ページ (932) で表示できない文字を含んでいます。データの損失を防ぐために、ファイルを Unicode 形式で保存してください。
  (ソース ファイル 'pow.cpp' をコンパイルしています)
  
C:\dxlib\DxLib.h(4586,1): warning C4819: ファイルは、現在のコード ページ (932) で表示できない文字を含んでいます。データの損失を防ぐために、ファイルを Unicode 形式で保存してください。
  (ソース ファイル 'pow.cpp' をコンパイルしています)
  
C:\dxlib\DxLib.h(4750,1): warning C4819: ファイルは、現在のコード ページ (932) で表示できない文字を含んでいます。データの損失を防ぐために、ファイルを Unicode 形式で保存してください。
  (ソース ファイル 'pow.cpp' をコンパイルしています)
  
C:\dxlib\DxLib.h(4917,1): warning C4819: ファイルは、現在のコード ページ (932) で表示できない文字を含んでいます。データの損失を防ぐために、ファイルを Unicode 形式で保存してください。
  (ソース ファイル 'pow.cpp' をコンパイルしています)
  
C:\dxlib\DxLib.h(5069,1): warning C4819: ファイルは、現在のコード ページ (932) で表示できない文字を含んでいます。データの損失を防ぐために、ファイルを Unicode 形式で保存してください。
  (ソース ファイル 'pow.cpp' をコンパイルしています)
  
C:\dxlib\DxLib.h(5258,1): warning C4819: ファイルは、現在のコード ページ (932) で表示できない文字を含んでいます。データの損失を防ぐために、ファイルを Unicode 形式で保存してください。
  (ソース ファイル 'pow.cpp' をコンパイルしています)
  
C:\dxlib\DxLib.h(5396,1): warning C4819: ファイルは、現在のコード ページ (932) で表示できない文字を含んでいます。データの損失を防ぐために、ファイルを Unicode 形式で保存してください。
  (ソース ファイル 'pow.cpp' をコンパイルしています)
  
C:\dxlib\DxLib.h(5581,1): warning C4819: ファイルは、現在のコード ページ (932) で表示できない文字を含んでいます。データの損失を防ぐために、ファイルを Unicode 形式で保存してください。
  (ソース ファイル 'pow.cpp' をコンパイルしています)
  
C:\Users\GA2A\Desktop\fami\famicon\famicon\pow.cpp(46,26): warning C4244: '引数': 'float' から 'int' への変換です。データが失われる可能性があります。
C:\Users\GA2A\Desktop\fami\famicon\famicon\pow.cpp(46,19): warning C4244: '引数': 'float' から 'int' への変換です。データが失われる可能性があります。
  result.cpp
C:\dxlib\DxLib.h(1,1): warning C4819: ファイルは、現在のコード ページ (932) で表示できない文字を含んでいます。データの損失を防ぐために、ファイルを Unicode 形式で保存してください。
  (ソース ファイル 'result.cpp' をコンパイルしています)
  
C:\dxlib\DxCompileConfig.h(1,1): warning C4819: ファイルは、現在のコード ページ (932) で表示できない文字を含んでいます。データの損失を防ぐために、ファイルを Unicode 形式で保存してください。
  (ソース ファイル 'result.cpp' をコンパイルしています)
  
C:\dxlib\DxDataType.h(1,1): warning C4819: ファイルは、現在のコード ページ (932) で表示できない文字を含んでいます。データの損失を防ぐために、ファイルを Unicode 形式で保存してください。
  (ソース ファイル 'result.cpp' をコンパイルしています)
  
C:\dxlib\DxCompileConfig.h(1,1): warning C4819: ファイルは、現在のコード ページ (932) で表示できない文字を含んでいます。データの損失を防ぐために、ファイルを Unicode 形式で保存してください。
  (ソース ファイル 'result.cpp' をコンパイルしています)
  
C:\dxlib\DxDataTypeWin.h(1,1): warning C4819: ファイルは、現在のコード ページ (932) で表示できない文字を含んでいます。データの損失を防ぐために、ファイルを Unicode 形式で保存してください。
  (ソース ファイル 'result.cpp' をコンパイルしています)
  
C:\dxlib\DxCompileConfig.h(1,1): warning C4819: ファイルは、現在のコード ページ (932) で表示できない文字を含んでいます。データの損失を防ぐために、ファイルを Unicode 形式で保存してください。
  (ソース ファイル 'result.cpp' をコンパイルしています)
  
C:\dxlib\DxDataTypeWin.h(443,1): warning C4819: ファイルは、現在のコード ページ (932) で表示できない文字を含んでいます。データの損失を防ぐために、ファイルを Unicode 形式で保存してください。
  (ソース ファイル 'result.cpp' をコンパイルしています)
  
C:\dxlib\DxDataTypeWin.h(1089,1): warning C4819: ファイルは、現在のコード ページ (932) で表示できない文字を含んでいます。データの損失を防ぐために、ファイルを Unicode 形式で保存してください。
  (ソース ファイル 'result.cpp' をコンパイルしています)
  
C:\dxlib\DxLib.h(406,1): warning C4819: ファイルは、現在のコード ページ (932) で表示できない文字を含んでいます。データの損失を防ぐために、ファイルを Unicode 形式で保存してください。
  (ソース ファイル 'result.cpp' をコンパイルしています)
  
C:\dxlib\DxLib.h(803,1): warning C4819: ファイルは、現在のコード ページ (932) で表示できない文字を含んでいます。データの損失を防ぐために、ファイルを Unicode 形式で保存してください。
  (ソース ファイル 'result.cpp' をコンパイルしています)
  
C:\dxlib\DxLib.h(1328,1): warning C4819: ファイルは、現在のコード ページ (932) で表示できない文字を含んでいます。データの損失を防ぐために、ファイルを Unicode 形式で保存してください。
  (ソース ファイル 'result.cpp' をコンパイルしています)
  
C:\dxlib\DxLib.h(1842,1): warning C4819: ファイルは、現在のコード ページ (932) で表示できない文字を含んでいます。データの損失を防ぐために、ファイルを Unicode 形式で保存してください。
  (ソース ファイル 'result.cpp' をコンパイルしています)
  
C:\dxlib\DxFunctionWin.h(1,1): warning C4819: ファイルは、現在のコード ページ (932) で表示できない文字を含んでいます。データの損失を防ぐために、ファイルを Unicode 形式で保存してください。
  (ソース ファイル 'result.cpp' をコンパイルしています)
  
C:\dxlib\DxFunctionWin.h(155,1): warning C4819: ファイルは、現在のコード ページ (932) で表示できない文字を含んでいます。データの損失を防ぐために、ファイルを Unicode 形式で保存してください。
  (ソース ファイル 'result.cpp' をコンパイルしています)
  
C:\dxlib\DxFunctionWin.h(337,1): warning C4819: ファイルは、現在のコード ページ (932) で表示できない文字を含んでいます。データの損失を防ぐために、ファイルを Unicode 形式で保存してください。
  (ソース ファイル 'result.cpp' をコンパイルしています)
  
C:\dxlib\DxLib.h(2183,1): warning C4819: ファイルは、現在のコード ページ (932) で表示できない文字を含んでいます。データの損失を防ぐために、ファイルを Unicode 形式で保存してください。
  (ソース ファイル 'result.cpp' をコンパイルしています)
  
C:\dxlib\DxLib.h(2377,1): warning C4819: ファイルは、現在のコード ページ (932) で表示できない文字を含んでいます。データの損失を防ぐために、ファイルを Unicode 形式で保存してください。
  (ソース ファイル 'result.cpp' をコンパイルしています)
  
C:\dxlib\DxLib.h(2572,1): warning C4819: ファイルは、現在のコード ページ (932) で表示できない文字を含んでいます。データの損失を防ぐために、ファイルを Unicode 形式で保存してください。
  (ソース ファイル 'result.cpp' をコンパイルしています)
  
C:\dxlib\DxLib.h(2716,1): warning C4819: ファイルは、現在のコード ページ (932) で表示できない文字を含んでいます。データの損失を防ぐために、ファイルを Unicode 形式で保存してください。
  (ソース ファイル 'result.cpp' をコンパイルしています)
  
C:\dxlib\DxLib.h(2821,1): warning C4819: ファイルは、現在のコード ページ (932) で表示できない文字を含んでいます。データの損失を防ぐために、ファイルを Unicode 形式で保存してください。
  (ソース ファイル 'result.cpp' をコンパイルしています)
  
C:\dxlib\DxLib.h(2954,1): warning C4819: ファイルは、現在のコード ページ (932) で表示できない文字を含んでいます。データの損失を防ぐために、ファイルを Unicode 形式で保存してください。
  (ソース ファイル 'result.cpp' をコンパイルしています)
  
C:\dxlib\DxLib.h(3064,1): warning C4819: ファイルは、現在のコード ページ (932) で表示できない文字を含んでいます。データの損失を防ぐために、ファイルを Unicode 形式で保存してください。
  (ソース ファイル 'result.cpp' をコンパイルしています)
  
C:\dxlib\DxLib.h(3242,1): warning C4819: ファイルは、現在のコード ページ (932) で表示できない文字を含んでいます。データの損失を防ぐために、ファイルを Unicode 形式で保存してください。
  (ソース ファイル 'result.cpp' をコンパイルしています)
  
C:\dxlib\DxLib.h(3381,1): warning C4819: ファイルは、現在のコード ページ (932) で表示できない文字を含んでいます。データの損失を防ぐために、ファイルを Unicode 形式で保存してください。
  (ソース ファイル 'result.cpp' をコンパイルしています)
  
C:\dxlib\DxLib.h(3544,1): warning C4819: ファイルは、現在のコード ページ (932) で表示できない文字を含んでいます。データの損失を防ぐために、ファイルを Unicode 形式で保存してください。
  (ソース ファイル 'result.cpp' をコンパイルしています)
  
C:\dxlib\DxLib.h(3735,1): warning C4819: ファイルは、現在のコード ページ (932) で表示できない文字を含んでいます。データの損失を防ぐために、ファイルを Unicode 形式で保存してください。
  (ソース ファイル 'result.cpp' をコンパイルしています)
  
C:\dxlib\DxLib.h(3844,1): warning C4819: ファイルは、現在のコード ページ (932) で表示できない文字を含んでいます。データの損失を防ぐために、ファイルを Unicode 形式で保存してください。
  (ソース ファイル 'result.cpp' をコンパイルしています)
  
C:\dxlib\DxLib.h(3931,1): warning C4819: ファイルは、現在のコード ページ (932) で表示できない文字を含んでいます。データの損失を防ぐために、ファイルを Unicode 形式で保存してください。
  (ソース ファイル 'result.cpp' をコンパイルしています)
  
C:\dxlib\DxLib.h(4080,1): warning C4819: ファイルは、現在のコード ページ (932) で表示できない文字を含んでいます。データの損失を防ぐために、ファイルを Unicode 形式で保存してください。
  (ソース ファイル 'result.cpp' をコンパイルしています)
  
C:\dxlib\DxLib.h(4586,1): warning C4819: ファイルは、現在のコード ページ (932) で表示できない文字を含んでいます。データの損失を防ぐために、ファイルを Unicode 形式で保存してください。
  (ソース ファイル 'result.cpp' をコンパイルしています)
  
C:\dxlib\DxLib.h(4750,1): warning C4819: ファイルは、現在のコード ページ (932) で表示できない文字を含んでいます。データの損失を防ぐために、ファイルを Unicode 形式で保存してください。
  (ソース ファイル 'result.cpp' をコンパイルしています)
  
C:\dxlib\DxLib.h(4917,1): warning C4819: ファイルは、現在のコード ページ (932) で表示できない文字を含んでいます。データの損失を防ぐために、ファイルを Unicode 形式で保存してください。
  (ソース ファイル 'result.cpp' をコンパイルしています)
  
C:\dxlib\DxLib.h(5069,1): warning C4819: ファイルは、現在のコード ページ (932) で表示できない文字を含んでいます。データの損失を防ぐために、ファイルを Unicode 形式で保存してください。
  (ソース ファイル 'result.cpp' をコンパイルしています)
  
C:\dxlib\DxLib.h(5258,1): warning C4819: ファイルは、現在のコード ページ (932) で表示できない文字を含んでいます。データの損失を防ぐために、ファイルを Unicode 形式で保存してください。
  (ソース ファイル 'result.cpp' をコンパイルしています)
  
C:\dxlib\DxLib.h(5396,1): warning C4819: ファイルは、現在のコード ページ (932) で表示できない文字を含んでいます。データの損失を防ぐために、ファイルを Unicode 形式で保存してください。
  (ソース ファイル 'result.cpp' をコンパイルしています)
  
C:\dxlib\DxLib.h(5581,1): warning C4819: ファイルは、現在のコード ページ (932) で表示できない文字を含んでいます。データの損失を防ぐために、ファイルを Unicode 形式で保存してください。
  (ソース ファイル 'result.cpp' をコンパイルしています)
  
  scaf.cpp
C:\dxlib\DxLib.h(1,1): warning C4819: ファイルは、現在のコード ページ (932) で表示できない文字を含んでいます。データの損失を防ぐために、ファイルを Unicode 形式で保存してください。
  (ソース ファイル 'scaf.cpp' をコンパイルしています)
  
C:\dxlib\DxCompileConfig.h(1,1): warning C4819: ファイルは、現在のコード ページ (932) で表示できない文字を含んでいます。データの損失を防ぐために、ファイルを Unicode 形式で保存してください。
  (ソース ファイル 'scaf.cpp' をコンパイルしています)
  
C:\dxlib\DxDataType.h(1,1): warning C4819: ファイルは、現在のコード ページ (932) で表示できない文字を含んでいます。データの損失を防ぐために、ファイルを Unicode 形式で保存してください。
  (ソース ファイル 'scaf.cpp' をコンパイルしています)
  
C:\dxlib\DxCompileConfig.h(1,1): warning C4819: ファイルは、現在のコード ページ (932) で表示できない文字を含んでいます。データの損失を防ぐために、ファイルを Unicode 形式で保存してください。
  (ソース ファイル 'scaf.cpp' をコンパイルしています)
  
C:\dxlib\DxDataTypeWin.h(1,1): warning C4819: ファイルは、現在のコード ページ (932) で表示できない文字を含んでいます。データの損失を防ぐために、ファイルを Unicode 形式で保存してください。
  (ソース ファイル 'scaf.cpp' をコンパイルしています)
  
C:\dxlib\DxCompileConfig.h(1,1): warning C4819: ファイルは、現在のコード ページ (932) で表示できない文字を含んでいます。データの損失を防ぐために、ファイルを Unicode 形式で保存してください。
  (ソース ファイル 'scaf.cpp' をコンパイルしています)
  
C:\dxlib\DxDataTypeWin.h(443,1): warning C4819: ファイルは、現在のコード ページ (932) で表示できない文字を含んでいます。データの損失を防ぐために、ファイルを Unicode 形式で保存してください。
  (ソース ファイル 'scaf.cpp' をコンパイルしています)
  
C:\dxlib\DxDataTypeWin.h(1089,1): warning C4819: ファイルは、現在のコード ページ (932) で表示できない文字を含んでいます。データの損失を防ぐために、ファイルを Unicode 形式で保存してください。
  (ソース ファイル 'scaf.cpp' をコンパイルしています)
  
C:\dxlib\DxLib.h(406,1): warning C4819: ファイルは、現在のコード ページ (932) で表示できない文字を含んでいます。データの損失を防ぐために、ファイルを Unicode 形式で保存してください。
  (ソース ファイル 'scaf.cpp' をコンパイルしています)
  
C:\dxlib\DxLib.h(803,1): warning C4819: ファイルは、現在のコード ページ (932) で表示できない文字を含んでいます。データの損失を防ぐために、ファイルを Unicode 形式で保存してください。
  (ソース ファイル 'scaf.cpp' をコンパイルしています)
  
C:\dxlib\DxLib.h(1328,1): warning C4819: ファイルは、現在のコード ページ (932) で表示できない文字を含んでいます。データの損失を防ぐために、ファイルを Unicode 形式で保存してください。
  (ソース ファイル 'scaf.cpp' をコンパイルしています)
  
C:\dxlib\DxLib.h(1842,1): warning C4819: ファイルは、現在のコード ページ (932) で表示できない文字を含んでいます。データの損失を防ぐために、ファイルを Unicode 形式で保存してください。
  (ソース ファイル 'scaf.cpp' をコンパイルしています)
  
C:\dxlib\DxFunctionWin.h(1,1): warning C4819: ファイルは、現在のコード ページ (932) で表示できない文字を含んでいます。データの損失を防ぐために、ファイルを Unicode 形式で保存してください。
  (ソース ファイル 'scaf.cpp' をコンパイルしています)
  
C:\dxlib\DxFunctionWin.h(155,1): warning C4819: ファイルは、現在のコード ページ (932) で表示できない文字を含んでいます。データの損失を防ぐために、ファイルを Unicode 形式で保存してください。
  (ソース ファイル 'scaf.cpp' をコンパイルしています)
  
C:\dxlib\DxFunctionWin.h(337,1): warning C4819: ファイルは、現在のコード ページ (932) で表示できない文字を含んでいます。データの損失を防ぐために、ファイルを Unicode 形式で保存してください。
  (ソース ファイル 'scaf.cpp' をコンパイルしています)
  
C:\dxlib\DxLib.h(2183,1): warning C4819: ファイルは、現在のコード ページ (932) で表示できない文字を含んでいます。データの損失を防ぐために、ファイルを Unicode 形式で保存してください。
  (ソース ファイル 'scaf.cpp' をコンパイルしています)
  
C:\dxlib\DxLib.h(2377,1): warning C4819: ファイルは、現在のコード ページ (932) で表示できない文字を含んでいます。データの損失を防ぐために、ファイルを Unicode 形式で保存してください。
  (ソース ファイル 'scaf.cpp' をコンパイルしています)
  
C:\dxlib\DxLib.h(2572,1): warning C4819: ファイルは、現在のコード ページ (932) で表示できない文字を含んでいます。データの損失を防ぐために、ファイルを Unicode 形式で保存してください。
  (ソース ファイル 'scaf.cpp' をコンパイルしています)
  
C:\dxlib\DxLib.h(2716,1): warning C4819: ファイルは、現在のコード ページ (932) で表示できない文字を含んでいます。データの損失を防ぐために、ファイルを Unicode 形式で保存してください。
  (ソース ファイル 'scaf.cpp' をコンパイルしています)
  
C:\dxlib\DxLib.h(2821,1): warning C4819: ファイルは、現在のコード ページ (932) で表示できない文字を含んでいます。データの損失を防ぐために、ファイルを Unicode 形式で保存してください。
  (ソース ファイル 'scaf.cpp' をコンパイルしています)
  
C:\dxlib\DxLib.h(2954,1): warning C4819: ファイルは、現在のコード ページ (932) で表示できない文字を含んでいます。データの損失を防ぐために、ファイルを Unicode 形式で保存してください。
  (ソース ファイル 'scaf.cpp' をコンパイルしています)
  
C:\dxlib\DxLib.h(3064,1): warning C4819: ファイルは、現在のコード ページ (932) で表示できない文字を含んでいます。データの損失を防ぐために、ファイルを Unicode 形式で保存してください。
  (ソース ファイル 'scaf.cpp' をコンパイルしています)
  
C:\dxlib\DxLib.h(3242,1): warning C4819: ファイルは、現在のコード ページ (932) で表示できない文字を含んでいます。データの損失を防ぐために、ファイルを Unicode 形式で保存してください。
  (ソース ファイル 'scaf.cpp' をコンパイルしています)
  
C:\dxlib\DxLib.h(3381,1): warning C4819: ファイルは、現在のコード ページ (932) で表示できない文字を含んでいます。データの損失を防ぐために、ファイルを Unicode 形式で保存してください。
  (ソース ファイル 'scaf.cpp' をコンパイルしています)
  
C:\dxlib\DxLib.h(3544,1): warning C4819: ファイルは、現在のコード ページ (932) で表示できない文字を含んでいます。データの損失を防ぐために、ファイルを Unicode 形式で保存してください。
  (ソース ファイル 'scaf.cpp' をコンパイルしています)
  
C:\dxlib\DxLib.h(3735,1): warning C4819: ファイルは、現在のコード ページ (932) で表示できない文字を含んでいます。データの損失を防ぐために、ファイルを Unicode 形式で保存してください。
  (ソース ファイル 'scaf.cpp' をコンパイルしています)
  
C:\dxlib\DxLib.h(3844,1): warning C4819: ファイルは、現在のコード ページ (932) で表示できない文字を含んでいます。データの損失を防ぐために、ファイルを Unicode 形式で保存してください。
  (ソース ファイル 'scaf.cpp' をコンパイルしています)
  
C:\dxlib\DxLib.h(3931,1): warning C4819: ファイルは、現在のコード ページ (932) で表示できない文字を含んでいます。データの損失を防ぐために、ファイルを Unicode 形式で保存してください。
  (ソース ファイル 'scaf.cpp' をコンパイルしています)
  
C:\dxlib\DxLib.h(4080,1): warning C4819: ファイルは、現在のコード ページ (932) で表示できない文字を含んでいます。データの損失を防ぐために、ファイルを Unicode 形式で保存してください。
  (ソース ファイル 'scaf.cpp' をコンパイルしています)
  
C:\dxlib\DxLib.h(4586,1): warning C4819: ファイルは、現在のコード ページ (932) で表示できない文字を含んでいます。データの損失を防ぐために、ファイルを Unicode 形式で保存してください。
  (ソース ファイル 'scaf.cpp' をコンパイルしています)
  
C:\dxlib\DxLib.h(4750,1): warning C4819: ファイルは、現在のコード ページ (932) で表示できない文字を含んでいます。データの損失を防ぐために、ファイルを Unicode 形式で保存してください。
  (ソース ファイル 'scaf.cpp' をコンパイルしています)
  
C:\dxlib\DxLib.h(4917,1): warning C4819: ファイルは、現在のコード ページ (932) で表示できない文字を含んでいます。データの損失を防ぐために、ファイルを Unicode 形式で保存してください。
  (ソース ファイル 'scaf.cpp' をコンパイルしています)
  
C:\dxlib\DxLib.h(5069,1): warning C4819: ファイルは、現在のコード ページ (932) で表示できない文字を含んでいます。データの損失を防ぐために、ファイルを Unicode 形式で保存してください。
  (ソース ファイル 'scaf.cpp' をコンパイルしています)
  
C:\dxlib\DxLib.h(5258,1): warning C4819: ファイルは、現在のコード ページ (932) で表示できない文字を含んでいます。データの損失を防ぐために、ファイルを Unicode 形式で保存してください。
  (ソース ファイル 'scaf.cpp' をコンパイルしています)
  
C:\dxlib\DxLib.h(5396,1): warning C4819: ファイルは、現在のコード ページ (932) で表示できない文字を含んでいます。データの損失を防ぐために、ファイルを Unicode 形式で保存してください。
  (ソース ファイル 'scaf.cpp' をコンパイルしています)
  
C:\dxlib\DxLib.h(5581,1): warning C4819: ファイルは、現在のコード ページ (932) で表示できない文字を含んでいます。データの損失を防ぐために、ファイルを Unicode 形式で保存してください。
  (ソース ファイル 'scaf.cpp' をコンパイルしています)
  
C:\Users\GA2A\Desktop\fami\famicon\famicon\scaf.cpp(37,22): warning C4244: '引数': 'float' から 'int' への変換です。データが失われる可能性があります。
C:\Users\GA2A\Desktop\fami\famicon\famicon\scaf.cpp(37,15): warning C4244: '引数': 'float' から 'int' への変換です。データが失われる可能性があります。
  turtle.cpp
C:\dxlib\DxLib.h(1,1): warning C4819: ファイルは、現在のコード ページ (932) で表示できない文字を含んでいます。データの損失を防ぐために、ファイルを Unicode 形式で保存してください。
  (ソース ファイル 'turtle.cpp' をコンパイルしています)
  
C:\dxlib\DxCompileConfig.h(1,1): warning C4819: ファイルは、現在のコード ページ (932) で表示できない文字を含んでいます。データの損失を防ぐために、ファイルを Unicode 形式で保存してください。
  (ソース ファイル 'turtle.cpp' をコンパイルしています)
  
C:\dxlib\DxDataType.h(1,1): warning C4819: ファイルは、現在のコード ページ (932) で表示できない文字を含んでいます。データの損失を防ぐために、ファイルを Unicode 形式で保存してください。
  (ソース ファイル 'turtle.cpp' をコンパイルしています)
  
C:\dxlib\DxCompileConfig.h(1,1): warning C4819: ファイルは、現在のコード ページ (932) で表示できない文字を含んでいます。データの損失を防ぐために、ファイルを Unicode 形式で保存してください。
  (ソース ファイル 'turtle.cpp' をコンパイルしています)
  
C:\dxlib\DxDataTypeWin.h(1,1): warning C4819: ファイルは、現在のコード ページ (932) で表示できない文字を含んでいます。データの損失を防ぐために、ファイルを Unicode 形式で保存してください。
  (ソース ファイル 'turtle.cpp' をコンパイルしています)
  
C:\dxlib\DxCompileConfig.h(1,1): warning C4819: ファイルは、現在のコード ページ (932) で表示できない文字を含んでいます。データの損失を防ぐために、ファイルを Unicode 形式で保存してください。
  (ソース ファイル 'turtle.cpp' をコンパイルしています)
  
C:\dxlib\DxDataTypeWin.h(443,1): warning C4819: ファイルは、現在のコード ページ (932) で表示できない文字を含んでいます。データの損失を防ぐために、ファイルを Unicode 形式で保存してください。
  (ソース ファイル 'turtle.cpp' をコンパイルしています)
  
C:\dxlib\DxDataTypeWin.h(1089,1): warning C4819: ファイルは、現在のコード ページ (932) で表示できない文字を含んでいます。データの損失を防ぐために、ファイルを Unicode 形式で保存してください。
  (ソース ファイル 'turtle.cpp' をコンパイルしています)
  
C:\dxlib\DxLib.h(406,1): warning C4819: ファイルは、現在のコード ページ (932) で表示できない文字を含んでいます。データの損失を防ぐために、ファイルを Unicode 形式で保存してください。
  (ソース ファイル 'turtle.cpp' をコンパイルしています)
  
C:\dxlib\DxLib.h(803,1): warning C4819: ファイルは、現在のコード ページ (932) で表示できない文字を含んでいます。データの損失を防ぐために、ファイルを Unicode 形式で保存してください。
  (ソース ファイル 'turtle.cpp' をコンパイルしています)
  
C:\dxlib\DxLib.h(1328,1): warning C4819: ファイルは、現在のコード ページ (932) で表示できない文字を含んでいます。データの損失を防ぐために、ファイルを Unicode 形式で保存してください。
  (ソース ファイル 'turtle.cpp' をコンパイルしています)
  
C:\dxlib\DxLib.h(1842,1): warning C4819: ファイルは、現在のコード ページ (932) で表示できない文字を含んでいます。データの損失を防ぐために、ファイルを Unicode 形式で保存してください。
  (ソース ファイル 'turtle.cpp' をコンパイルしています)
  
C:\dxlib\DxFunctionWin.h(1,1): warning C4819: ファイルは、現在のコード ページ (932) で表示できない文字を含んでいます。データの損失を防ぐために、ファイルを Unicode 形式で保存してください。
  (ソース ファイル 'turtle.cpp' をコンパイルしています)
  
C:\dxlib\DxFunctionWin.h(155,1): warning C4819: ファイルは、現在のコード ページ (932) で表示できない文字を含んでいます。データの損失を防ぐために、ファイルを Unicode 形式で保存してください。
  (ソース ファイル 'turtle.cpp' をコンパイルしています)
  
C:\dxlib\DxFunctionWin.h(337,1): warning C4819: ファイルは、現在のコード ページ (932) で表示できない文字を含んでいます。データの損失を防ぐために、ファイルを Unicode 形式で保存してください。
  (ソース ファイル 'turtle.cpp' をコンパイルしています)
  
C:\dxlib\DxLib.h(2183,1): warning C4819: ファイルは、現在のコード ページ (932) で表示できない文字を含んでいます。データの損失を防ぐために、ファイルを Unicode 形式で保存してください。
  (ソース ファイル 'turtle.cpp' をコンパイルしています)
  
C:\dxlib\DxLib.h(2377,1): warning C4819: ファイルは、現在のコード ページ (932) で表示できない文字を含んでいます。データの損失を防ぐために、ファイルを Unicode 形式で保存してください。
  (ソース ファイル 'turtle.cpp' をコンパイルしています)
  
C:\dxlib\DxLib.h(2572,1): warning C4819: ファイルは、現在のコード ページ (932) で表示できない文字を含んでいます。データの損失を防ぐために、ファイルを Unicode 形式で保存してください。
  (ソース ファイル 'turtle.cpp' をコンパイルしています)
  
C:\dxlib\DxLib.h(2716,1): warning C4819: ファイルは、現在のコード ページ (932) で表示できない文字を含んでいます。データの損失を防ぐために、ファイルを Unicode 形式で保存してください。
  (ソース ファイル 'turtle.cpp' をコンパイルしています)
  
C:\dxlib\DxLib.h(2821,1): warning C4819: ファイルは、現在のコード ページ (932) で表示できない文字を含んでいます。データの損失を防ぐために、ファイルを Unicode 形式で保存してください。
  (ソース ファイル 'turtle.cpp' をコンパイルしています)
  
C:\dxlib\DxLib.h(2954,1): warning C4819: ファイルは、現在のコード ページ (932) で表示できない文字を含んでいます。データの損失を防ぐために、ファイルを Unicode 形式で保存してください。
  (ソース ファイル 'turtle.cpp' をコンパイルしています)
  
C:\dxlib\DxLib.h(3064,1): warning C4819: ファイルは、現在のコード ページ (932) で表示できない文字を含んでいます。データの損失を防ぐために、ファイルを Unicode 形式で保存してください。
  (ソース ファイル 'turtle.cpp' をコンパイルしています)
  
C:\dxlib\DxLib.h(3242,1): warning C4819: ファイルは、現在のコード ページ (932) で表示できない文字を含んでいます。データの損失を防ぐために、ファイルを Unicode 形式で保存してください。
  (ソース ファイル 'turtle.cpp' をコンパイルしています)
  
C:\dxlib\DxLib.h(3381,1): warning C4819: ファイルは、現在のコード ページ (932) で表示できない文字を含んでいます。データの損失を防ぐために、ファイルを Unicode 形式で保存してください。
  (ソース ファイル 'turtle.cpp' をコンパイルしています)
  
C:\dxlib\DxLib.h(3544,1): warning C4819: ファイルは、現在のコード ページ (932) で表示できない文字を含んでいます。データの損失を防ぐために、ファイルを Unicode 形式で保存してください。
  (ソース ファイル 'turtle.cpp' をコンパイルしています)
  
C:\dxlib\DxLib.h(3735,1): warning C4819: ファイルは、現在のコード ページ (932) で表示できない文字を含んでいます。データの損失を防ぐために、ファイルを Unicode 形式で保存してください。
  (ソース ファイル 'turtle.cpp' をコンパイルしています)
  
C:\dxlib\DxLib.h(3844,1): warning C4819: ファイルは、現在のコード ページ (932) で表示できない文字を含んでいます。データの損失を防ぐために、ファイルを Unicode 形式で保存してください。
  (ソース ファイル 'turtle.cpp' をコンパイルしています)
  
C:\dxlib\DxLib.h(3931,1): warning C4819: ファイルは、現在のコード ページ (932) で表示できない文字を含んでいます。データの損失を防ぐために、ファイルを Unicode 形式で保存してください。
  (ソース ファイル 'turtle.cpp' をコンパイルしています)
  
C:\dxlib\DxLib.h(4080,1): warning C4819: ファイルは、現在のコード ページ (932) で表示できない文字を含んでいます。データの損失を防ぐために、ファイルを Unicode 形式で保存してください。
  (ソース ファイル 'turtle.cpp' をコンパイルしています)
  
C:\dxlib\DxLib.h(4586,1): warning C4819: ファイルは、現在のコード ページ (932) で表示できない文字を含んでいます。データの損失を防ぐために、ファイルを Unicode 形式で保存してください。
  (ソース ファイル 'turtle.cpp' をコンパイルしています)
  
C:\dxlib\DxLib.h(4750,1): warning C4819: ファイルは、現在のコード ページ (932) で表示できない文字を含んでいます。データの損失を防ぐために、ファイルを Unicode 形式で保存してください。
  (ソース ファイル 'turtle.cpp' をコンパイルしています)
  
C:\dxlib\DxLib.h(4917,1): warning C4819: ファイルは、現在のコード ページ (932) で表示できない文字を含んでいます。データの損失を防ぐために、ファイルを Unicode 形式で保存してください。
  (ソース ファイル 'turtle.cpp' をコンパイルしています)
  
C:\dxlib\DxLib.h(5069,1): warning C4819: ファイルは、現在のコード ページ (932) で表示できない文字を含んでいます。データの損失を防ぐために、ファイルを Unicode 形式で保存してください。
  (ソース ファイル 'turtle.cpp' をコンパイルしています)
  
C:\dxlib\DxLib.h(5258,1): warning C4819: ファイルは、現在のコード ページ (932) で表示できない文字を含んでいます。データの損失を防ぐために、ファイルを Unicode 形式で保存してください。
  (ソース ファイル 'turtle.cpp' をコンパイルしています)
  
C:\dxlib\DxLib.h(5396,1): warning C4819: ファイルは、現在のコード ページ (932) で表示できない文字を含んでいます。データの損失を防ぐために、ファイルを Unicode 形式で保存してください。
  (ソース ファイル 'turtle.cpp' をコンパイルしています)
  
C:\dxlib\DxLib.h(5581,1): warning C4819: ファイルは、現在のコード ページ (932) で表示できない文字を含んでいます。データの損失を防ぐために、ファイルを Unicode 形式で保存してください。
  (ソース ファイル 'turtle.cpp' をコンパイルしています)
  
C:\Users\GA2A\Desktop\fami\famicon\famicon\turtle.cpp(290,14): warning C4244: '=': 'int' から 'float' への変換です。データが失われる可能性があります。
C:\Users\GA2A\Desktop\fami\famicon\famicon\turtle.cpp(441,27): warning C4244: '引数': 'float' から 'int' への変換です。データが失われる可能性があります。
C:\Users\GA2A\Desktop\fami\famicon\famicon\turtle.cpp(441,20): warning C4244: '引数': 'float' から 'int' への変換です。データが失われる可能性があります。
C:\Users\GA2A\Desktop\fami\famicon\famicon\turtle.cpp(443,27): warning C4244: '引数': 'float' から 'int' への変換です。データが失われる可能性があります。
C:\Users\GA2A\Desktop\fami\famicon\famicon\turtle.cpp(443,20): warning C4244: '引数': 'float' から 'int' への変換です。データが失われる可能性があります。
  コード生成しています。
  23 of 669 functions ( 3.4%) were compiled, the rest were copied from previous compilation.
    3 functions were new in current compilation
    5 functions had inline decision re-evaluated but remain unchanged
  コード生成が終了しました。
  famicon.vcxproj -> C:\Users\GA2A\Desktop\fami\famicon\x64\Release\famicon.exe
